bash: cd: /home/s2e/s2e: No such file or directory
bash: README: No such file or directory
s2e@ubuntu:~/dasos/SyscallTracker$ ssh -p 2222 s2e-qemu@127.0.0.1
ssh_exchange_identification: Connection closed by remote host
s2e@ubuntu:~/dasos/SyscallTracker$ ssh -p 2222 s2e-qemu@127.0.0.1
The authenticity of host '[127.0.0.1]:2222 ([127.0.0.1]:2222)' can't be established.
RSA key fingerprint is 54:60:66:b9:46:d5:d3:26:a7:d0:6f:1b:1e:22:76:97.
Are you sure you want to continue connecting (yes/no)? yes
Warning: Permanently added '[127.0.0.1]:2222' (RSA) to the list of known hosts.
s2e-qemu@127.0.0.1's password: 
Linux s2e-qemu 2.6.32-5-686 #1 SMP Sun May 6 04:01:19 UTC 2012 i686

The programs included with the Debian GNU/Linux system are free software;
the exact distribution terms for each program are described in the
individual files in /usr/share/doc/*/copyright.

Debian GNU/Linux comes with ABSOLUTELY NO WARRANTY, to the extent
permitted by applicable law.
Last login: Wed Aug  8 10:41:25 2012 from localhost
s2e-qemu@s2e-qemu:~$ exit
logout
Connection to 127.0.0.1 closed.
s2e@ubuntu:~/dasos/SyscallTracker$ ssh-keygen -t dsa
Generating public/private dsa key pair.
Enter file in which to save the key (/home/s2e/.ssh/id_dsa): 
Enter passphrase (empty for no passphrase): 
Enter same passphrase again: 
Your identification has been saved in /home/s2e/.ssh/id_dsa.
Your public key has been saved in /home/s2e/.ssh/id_dsa.pub.
The key fingerprint is:
f6:30:e8:13:ab:2b:6e:00:46:68:b8:0e:e6:d7:fd:24 s2e@ubuntu
The key's randomart image is:
+--[ DSA 1024]----+
|o                |
|oo               |
|o.               |
|+o     .         |
|B   . + S        |
|.o . o E =       |
| ..   + + .      |
|  o  . . .       |
| o..o.           |
+-----------------+
s2e@ubuntu:~/dasos/SyscallTracker$ scp /home/s2e/.ssh/id_dsa.pub -p 2222 s2e-qemu@127.0.0.1:.ssh/authorized_keys2
ssh: connect to host 127.0.0.1 port 22: Connection refused
lost connection
s2e@ubuntu:~/dasos/SyscallTracker$ scp /home/s2e/.ssh/id_dsa.pub -P 2222 s2e-qemu@127.0.0.1:.ssh/authorized_keys2
ssh: connect to host 127.0.0.1 port 22: Connection refused
lost connection
s2e@ubuntu:~/dasos/SyscallTracker$ scp /home/s2e/.ssh/id_dsa.pub s2e-qemu@127.0.0.1::2222:.ssh/authorized_keys2
ssh: connect to host 127.0.0.1 port 22: Connection refused
lost connection
s2e@ubuntu:~/dasos/SyscallTracker$ man scp
s2e@ubuntu:~/dasos/SyscallTracker$ scp -P 2222 /home/s2e/.ssh/id_dsa.pub s2e-qemu@127.0.0.1:.ssh/authorized_keys2
s2e-qemu@127.0.0.1's password: 
id_dsa.pub                                    100%  600     0.6KB/s   00:00    
s2e@ubuntu:~/dasos/SyscallTracker$ ssh-agent sh -c 'ssh-add < /dev/null && bash'Identity added: /home/s2e/.ssh/id_dsa (/home/s2e/.ssh/id_dsa)
bash: cd: /home/s2e/s2e: No such file or directory
bash: README: No such file or directory
s2e@ubuntu:~/dasos/SyscallTracker$ ssh burly
^C
s2e@ubuntu:~/dasos/SyscallTracker$ ssh -p 2222 127.0.0.1
s2e@127.0.0.1's password: 

s2e@ubuntu:~/dasos/SyscallTracker$ ssh -p 2222 s2e-qemu@127.0.0.1
Linux s2e-qemu 2.6.32-5-686 #1 SMP Sun May 6 04:01:19 UTC 2012 i686

The programs included with the Debian GNU/Linux system are free software;
the exact distribution terms for each program are described in the
individual files in /usr/share/doc/*/copyright.

Debian GNU/Linux comes with ABSOLUTELY NO WARRANTY, to the extent
permitted by applicable law.
Last login: Wed Aug  8 10:41:57 2012 from 10.0.2.2
s2e-qemu@s2e-qemu:~$ exit
logout
Connection to 127.0.0.1 closed.
s2e@ubuntu:~/dasos/SyscallTracker$ ls
20120209-LinuxSyscallMonitor.patch  runS2E-SyscallTracker
conf-SyscallTracker.lua             s2e_disk.raw
debian-6.0.5-i386-businesscard.iso  s2e-last
InterruptMonitor.cpp                s2e-out-0
InterruptMonitor.cpp~               s2e-out-1
InterruptMonitor.h                  syscallent.h
InterruptMonitor.h~                 syscallent-simple.h
LinuxSyscallMonitor.cpp             SyscallTracker.cpp
LinuxSyscallMonitor.cpp~            SyscallTracker.cpp~
LinuxSyscallMonitor.h               SyscallTracker.h
old                                 SyscallTracker.h~
pushCode.sh                         transform-syscallent.sh
s2e@ubuntu:~/dasos/SyscallTracker$ vi startVmRaw.sh
s2e@ubuntu:~/dasos/SyscallTracker$ vi convertVmRawToQcow.sh
s2e@ubuntu:~/dasos/SyscallTracker$ locate qemuctl
s2e@ubuntu:~/dasos/SyscallTracker$ pwd
/home/s2e/dasos/SyscallTracker
s2e@ubuntu:~/dasos/SyscallTracker$ mkdir HostFiles
s2e@ubuntu:~/dasos/SyscallTracker$ cd HostFiles/
s2e@ubuntu:~/dasos/SyscallTracker/HostFiles$ pwd
/home/s2e/dasos/SyscallTracker/HostFiles
s2e@ubuntu:~/dasos/SyscallTracker/HostFiles$ locate s2e-get
s2e@ubuntu:~/dasos/SyscallTracker/HostFiles$ locate s2eget
/home/s2e/dasos.old/s2ePreproc/s2e_release/s2e/guest/s2eget
/home/s2e/dasos.old/s2ePreproc/s2e_release/s2e/guest/s2eget/Makefile
/home/s2e/dasos.old/s2ePreproc/s2e_release/s2e/guest/s2eget/s2eget.c
/usr/local/src/s2e/s2e/guest/s2eget
/usr/local/src/s2e/s2e/guest/s2eget/Makefile
/usr/local/src/s2e/s2e/guest/s2eget/s2eget.c
s2e@ubuntu:~/dasos/SyscallTracker/HostFiles$ ls /usr/local/src/s2e/s2e/guest/
demos  include  init_env  Makefile  s2ecmd  s2eget  stp  windbg-gdb
s2e@ubuntu:~/dasos/SyscallTracker/HostFiles$ cd /usr/local/src/s2e/s2e/guest/
s2e@ubuntu:/usr/local/src/s2e/s2e/guest$ make
for dir in init_env s2ecmd s2eget demos; \
	do \
	    cd $dir; make; cd ..; \
	done
make[1]: Entering directory `/usr/local/src/s2e/s2e/guest/init_env'
gcc -m32 -Wall -g -O0 -I../include -std=c99 -fPIC -shared -ldl -o init_env.so init_env.c
make[1]: Leaving directory `/usr/local/src/s2e/s2e/guest/init_env'
make[1]: Entering directory `/usr/local/src/s2e/s2e/guest/s2ecmd'
cc -I../include -Wall -m32 s2ecmd.c -o s2ecmd
make[1]: Leaving directory `/usr/local/src/s2e/s2e/guest/s2ecmd'
make[1]: Entering directory `/usr/local/src/s2e/s2e/guest/s2eget'
gcc -I../include -Wall -m32 s2eget.c -o s2eget
make[1]: Leaving directory `/usr/local/src/s2e/s2e/guest/s2eget'
make[1]: Entering directory `/usr/local/src/s2e/s2e/guest/demos'
gcc -m32 -Wall -g -O0 -I../include -std=c99    quicksort.c   -o quicksort
make[1]: Leaving directory `/usr/local/src/s2e/s2e/guest/demos'
s2e@ubuntu:/usr/local/src/s2e/s2e/guest$ ls s2eget/
Makefile  s2eget  s2eget.c
s2e@ubuntu:/usr/local/src/s2e/s2e/guest$ scp s2eget/s2eget -P 2222 s2e-qemu@127.0.0.1:~/.
ssh: connect to host 127.0.0.1 port 22: Connection refused
lost connection
s2e@ubuntu:/usr/local/src/s2e/s2e/guest$ scp -P s2eget/s2eget s2e-qemu@127.0.0.1:~/.
usage: scp [-1246BCpqrv] [-c cipher] [-F ssh_config] [-i identity_file]
           [-l limit] [-o ssh_option] [-P port] [-S program]
           [[user@]host1:]file1 ... [[user@]host2:]file2
s2e@ubuntu:/usr/local/src/s2e/s2e/guest$ scp -P 2222 s2eget/s2eget s2e-qemu@127.0.0.1:~/.
s2eget                                        100%   12KB  12.1KB/s   00:00    
s2e@ubuntu:/usr/local/src/s2e/s2e/guest$ scp -P 2222 s2eget/s2ecmd s2e-qemu@127.0.0.1:~/.
s2eget/s2ecmd: No such file or directory
s2e@ubuntu:/usr/local/src/s2e/s2e/guest$ ls
demos  include  init_env  Makefile  s2ecmd  s2eget  stp  windbg-gdb
s2e@ubuntu:/usr/local/src/s2e/s2e/guest$ cd ..
s2e@ubuntu:/usr/local/src/s2e/s2e$ ls
docs      Makefile.win32  s2e.creator               s2e.refresh_project.py
guest     qemu            s2e.creator.user.example  stp
klee      S2E-AUTHORS     s2e.files                 tools
Makefile  s2e.config      s2e.includes              windows-toolchain
s2e@ubuntu:/usr/local/src/s2e/s2e$ ls tools/
autoconf   include  Makefile         Makefile.config.in
configure  lib      Makefile.common  tools
s2e@ubuntu:/usr/local/src/s2e/s2e$ ls tools/tools/
cacheprof  debugger      icounter  pfprofiler       scripts
coverage   forkprofiler  Makefile  s2etools-config  tbtrace
s2e@ubuntu:/usr/local/src/s2e/s2e$ ls qemu/
acl.c                    int128.h                qemu-option.c
acl.h                    iohandler.c             qemu-option.h
aes.c                    ioport.c                qemu-options.h
aes.h                    ioport.h                qemu-options.hx
aio.c                    ioport-user.c           qemu-options-wrapper.h
alpha-dis.c              iorange.h               qemu-os-posix.h
alpha.ld                 iov.c                   qemu-os-win32.h
a.out.h                  iov.h                   qemu-progress.c
arch_init.c              json-lexer.c            qemu-queue.h
arch_init.h              json-lexer.h            qemu.sasl
arm-dis.c                json-parser.c           qemu_socket.h
arm.ld                   json-parser.h           qemu-sockets.c
arm-semi.c               json-streamer.c         qemu-tech.texi
async.c                  json-streamer.h         qemu-thread.h
audio                    kvm-all.c               qemu-thread-posix.c
balloon.c                kvm.h                   qemu-thread-posix.h
balloon.h                kvm-stub.c              qemu-thread-win32.c
bitmap.c                 libcacard               qemu-thread-win32.h
bitmap.h                 libfdt_env.h            qemu-timer.c
bitops.c                 LICENSE                 qemu-timer-common.c
bitops.h                 linux-aio.c             qemu-timer.h
block                    linux-headers           qemu-tls.h
block.c                  linux-user              qemu-tool.c
blockdev.c               llvm-lib.h              qemu-user.c
blockdev.h               lm32-dis.c              qemu-x509.h
block.h                  m68k-dis.c              qemu-xattr.h
block_int.h              m68k.ld                 qerror.c
block-migration.c        m68k-semi.c             qerror.h
block-migration.h        main-loop.c             qfloat.c
bsd-user                 main-loop.h             qfloat.h
bswap.h                  MAINTAINERS             qga
bt-host.c                Makefile                qint.c
bt-host.h                Makefile.dis            qint.h
bt-vhci.c                Makefile.hw             qjson.c
buffered_file.c          Makefile.objs           qjson.h
buffered_file.h          Makefile.target         qlist.c
cache-utils.c            Makefile.user           qlist.h
cache-utils.h            memory.c                QMP
Changelog                memory.h                qmp.c
cmd.c                    microblaze-dis.c        qmp-commands.hx
cmd.h                    migration.c             qobject.h
CODING_STYLE             migration-exec.c        qom
compatfd.c               migration-fd.c          qstring.c
compatfd.h               migration.h             qstring.h
compiler.h               migration-tcp.c         qtest.c
config.h                 migration-unix.c        qtest.h
configure                mips-dis.c              range.h
console.c                mips.ld                 readline.c
console.h                module.c                readline.h
COPYING                  module.h                README
COPYING.LIB              monitor.c               roms
coroutine-gthread.c      monitor.h               rules.mak
coroutine-sigaltstack.c  nbd.c                   s2e
coroutine-ucontext.c     nbd.h                   s390-dis.c
coroutine-win32.c        net                     s390.ld
cpu-all.h                net.c                   savevm.c
cpu-common.h             net.h                   scripts
cpu-defs.h               notify.c                sh4-dis.c
cpu-exec.c               notify.h                slirp
cpus.c                   osdep.c                 softmmu_defs.h
cpus.h                   osdep.h                 softmmu_exec.h
cris-dis.c               oslib-posix.c           softmmu_header.h
cursor.c                 oslib-win32.c           softmmu-semi.h
cursor_hidden.xpm        os-posix.c              softmmu_template.h
cursor_left_ptr.xpm      os-win32.c              sparc64.ld
cutils.c                 path.c                  sparc-dis.c
darwin-user              pc-bios                 sparc.ld
default-configs          pci-ids.txt             spice-qemu-char.c
def-helper.h             pflib.c                 sysconfigs
device_tree.c            pflib.h                 sysemu.h
device_tree.h            poison.h                target-alpha
disas.c                  posix-aio-compat.c      target-arm
disas.h                  ppc64.ld                target-cris
dis-asm.h                ppc-dis.c               target-i386
dma.h                    ppc.ld                  target-lm32
dma-helpers.c            qapi                    target-m68k
docs                     qapi-schema-guest.json  target-microblaze
dyngen-exec.h            qapi-schema.json        target-mips
elf.h                    qapi-schema-test.json   target-ppc
envlist.c                qbool.c                 target-s390x
envlist.h                qbool.h                 target-sh4
error.c                  qdict.c                 target-sparc
error.h                  qdict.h                 target-unicore32
error_int.h              qdict-test-data.txt     target-xtensa
event_notifier.c         qemu-aio.h              targphys.h
event_notifier.h         qemu-barrier.h          tcg
exec-all.h               qemu-bridge-helper.c    tcg-runtime.c
exec-all.h~              qemu-char.c             tci.c
exec.c                   qemu-char.h             tci-dis.c
exec-memory.h            qemu-common.h           tests
exec-obsolete.h          qemu-config.c           thunk.c
fpu                      qemu-config.h           thunk.h
fsdev                    qemu-coroutine.c        TODO
gdbstub.c                qemu-coroutine.h        trace
gdbstub.h                qemu-coroutine-int.h    trace-events
gdb-xml                  qemu-coroutine-io.c     translate-all.c
gen-icount.h             qemu-coroutine-lock.c   uboot_image.h
HACKING                  qemu-coroutine-sleep.c  ui
hmp.c                    qemu-doc.texi           user-exec.c
hmp-commands.hx          qemu-error.c            VERSION
hmp.h                    qemu-error.h            version.rc
host-utils.c             qemu-file.h             vgafont.h
host-utils.h             qemu-ga.c               vl.c
hppa-dis.c               qemu-img.c              vmstate.h
hppa.ld                  qemu-img-cmds.hx        x86_64.ld
hw                       qemu-img.texi           xen-all.c
i386-dis.c               qemu-io.c               xen-mapcache.c
i386.ld                  qemu-lock.h             xen-mapcache.h
ia64-dis.c               qemu-log.h              xen-stub.c
ia64.ld                  qemu-nbd.c              xtensa-semi.c
include                  qemu-nbd.texi
input.c                  qemu-objects.h
s2e@ubuntu:/usr/local/src/s2e/s2e$ scp -P 2222 s2ecmd/s2ecmd s2e-qemu@127.0.0.1:~/.
s2ecmd/s2ecmd: No such file or directory
s2e@ubuntu:/usr/local/src/s2e/s2e$ ls
docs      Makefile.win32  s2e.creator               s2e.refresh_project.py
guest     qemu            s2e.creator.user.example  stp
klee      S2E-AUTHORS     s2e.files                 tools
Makefile  s2e.config      s2e.includes              windows-toolchain
s2e@ubuntu:/usr/local/src/s2e/s2e$ ls guest/s2ecmd/
Makefile  s2ecmd    s2ecmd.c  
s2e@ubuntu:/usr/local/src/s2e/s2e$ scp -P 2222 guest/s2ecmd/s2ecmd s2e-qemu@127.0.0.1:~/.
s2ecmd                                        100% 7954     7.8KB/s   00:00    
s2e@ubuntu:/usr/local/src/s2e/s2e$ locate demo
/home/s2e/dasos.old/s2ePreproc/s2e_release/demo.lua
/home/s2e/dasos.old/s2ePreproc/s2e_release/demos
/home/s2e/dasos.old/s2ePreproc/s2e_release/demos/Makefile
/home/s2e/dasos.old/s2ePreproc/s2e_release/demos/README
/home/s2e/dasos.old/s2ePreproc/s2e_release/demos/f
/home/s2e/dasos.old/s2ePreproc/s2e_release/demos/factorial
/home/s2e/dasos.old/s2ePreproc/s2e_release/demos/factorial.c
/home/s2e/dasos.old/s2ePreproc/s2e_release/demos/factorial.o
/home/s2e/dasos.old/s2ePreproc/s2e_release/demos/fibonacci
/home/s2e/dasos.old/s2ePreproc/s2e_release/demos/fibonacci.c
/home/s2e/dasos.old/s2ePreproc/s2e_release/demos/fibonacci.o
/home/s2e/dasos.old/s2ePreproc/s2e_release/demos/fork-and-kill
/home/s2e/dasos.old/s2ePreproc/s2e_release/demos/fs
/home/s2e/dasos.old/s2ePreproc/s2e_release/demos/fs.c
/home/s2e/dasos.old/s2ePreproc/s2e_release/demos/fs.o
/home/s2e/dasos.old/s2ePreproc/s2e_release/demos/grade-this-exam
/home/s2e/dasos.old/s2ePreproc/s2e_release/demos/k
/home/s2e/dasos.old/s2ePreproc/s2e_release/demos/ks
/home/s2e/dasos.old/s2ePreproc/s2e_release/demos/ks.c
/home/s2e/dasos.old/s2ePreproc/s2e_release/demos/ks.o
/home/s2e/dasos.old/s2ePreproc/s2e_release/demos/overlap
/home/s2e/dasos.old/s2ePreproc/s2e_release/demos/overlap.c
/home/s2e/dasos.old/s2ePreproc/s2e_release/demos/overlap.o
/home/s2e/dasos.old/s2ePreproc/s2e_release/demos/simple
/home/s2e/dasos.old/s2ePreproc/s2e_release/demos/simple.c
/home/s2e/dasos.old/s2ePreproc/s2e_release/demos/simple.o
/home/s2e/metasm/.hg/store/data/demo.rb.i
/home/s2e/metasm/.hg/store/data/old/demo.rb.i
/usr/bin/metacity-window-demo
/usr/lib/python2.6/dist-packages/twisted/web/demo.py
/usr/lib/python2.6/dist-packages/twisted/web/demo.pyc
/usr/local/src/s2e/build/llvm-3.0.src/test/CodeGen/X86/codemodel.ll
/usr/local/src/s2e/build/llvm-3.0.src/tools/clang/www/demo
/usr/local/src/s2e/build/llvm-3.0.src/tools/clang/www/demo/DemoInfo.html
/usr/local/src/s2e/build/llvm-3.0.src/tools/clang/www/demo/cathead.png
/usr/local/src/s2e/build/llvm-3.0.src/tools/clang/www/demo/index.cgi
/usr/local/src/s2e/build/llvm-3.0.src/tools/clang/www/demo/syntax.css
/usr/local/src/s2e/build/llvm-3.0.src/tools/clang/www/demo/what is this directory.txt
/usr/local/src/s2e/s2e/guest/demos
/usr/local/src/s2e/s2e/guest/demos/Makefile
/usr/local/src/s2e/s2e/guest/demos/quicksort.c
/usr/share/app-install/desktop/fprint-demo.desktop
/usr/share/app-install/desktop/renpy-demo.desktop
/usr/share/app-install/icons/_usr_share_pixmaps_fprint-demo.xpm
/usr/share/app-install/icons/renpy-demo.xpm
/usr/share/doc/kbd/utf/utfdemo.gz
/usr/share/doc/libmailtools-perl/demos
/usr/share/doc/libmailtools-perl/demos/forwd_demo
/usr/share/doc/libmailtools-perl/demos/rplyto_demo
/usr/share/doc/libmailtools-perl/demos/send_demo
/usr/share/doc/libncurses5-dev/examples/demo_altkeys.c.gz
/usr/share/doc/libncurses5-dev/examples/demo_defkey.c.gz
/usr/share/doc/libncurses5-dev/examples/demo_forms.c.gz
/usr/share/doc/libncurses5-dev/examples/demo_keyok.c
/usr/share/doc/libncurses5-dev/examples/demo_menus.c.gz
/usr/share/doc/libncurses5-dev/examples/demo_panels.c.gz
/usr/share/doc/libncurses5-dev/examples/demo_termcap.c.gz
/usr/share/doc/libncurses5-dev/examples/demo_terminfo.c.gz
/usr/share/doc/libncurses5-dev/examples/newdemo.c.gz
/usr/share/doc/libslang2-dev/examples/demolib.c
/usr/share/doc/python-aptdaemon-gtk/examples/gtk-demo.py.gz
/usr/share/doc/python-docutils/docs/user/rst/demo.html
/usr/share/doc/python-docutils/docs/user/rst/demo.txt.gz
/usr/share/doc/python-gobject/examples/cairo-demo.py
/usr/share/doc/python-pygoocanvas/examples/mv_demo
/usr/share/doc/python-pygoocanvas/examples/simple_demo
/usr/share/doc/python-pygoocanvas/examples/misc/gradient-demo.py
/usr/share/doc/python-pygoocanvas/examples/misc/mv-simple-demo.py
/usr/share/doc/python-pygoocanvas/examples/misc/simple-demo.py
/usr/share/doc/python-pygoocanvas/examples/misc/timer_demo.py.gz
/usr/share/doc/python-pygoocanvas/examples/misc/units-demo.py
/usr/share/doc/python-pygoocanvas/examples/mv_demo/mv_animation_demo.py.gz
/usr/share/doc/python-pygoocanvas/examples/mv_demo/mv_clipping_demo.py.gz
/usr/share/doc/python-pygoocanvas/examples/simple_demo/animation_demo.py.gz
/usr/share/doc/python-pygoocanvas/examples/simple_demo/arrowhead_demo.py.gz
/usr/share/doc/python-pygoocanvas/examples/simple_demo/clipping_demo.py.gz
/usr/share/doc/python-pygoocanvas/examples/simple_demo/demo.py.gz
/usr/share/doc/python-pygoocanvas/examples/simple_demo/events_demo.py.gz
/usr/share/doc/python-pygoocanvas/examples/simple_demo/features_demo.py
/usr/share/doc/python-pygoocanvas/examples/simple_demo/fifteen_demo.py.gz
/usr/share/doc/python-pygoocanvas/examples/simple_demo/focus_demo.py
/usr/share/doc/python-pygoocanvas/examples/simple_demo/grabs_demo.py.gz
/usr/share/doc/python-pygoocanvas/examples/simple_demo/paths_demo.py
/usr/share/doc/python-pygoocanvas/examples/simple_demo/scalability_demo.py
/usr/share/doc/python-pygoocanvas/examples/simple_demo/table_demo.py.gz
/usr/share/doc/python-serial/examples/setup_demo.py
/usr/share/man/man1/metacity-window-demo.1.gz
/usr/share/man/man3/aa_hidemouse.3.gz
/usr/share/metacity/icons/metacity-window-demo.png
/usr/share/pyshared/twisted/web/demo.py
/usr/share/update-manager/demoted.cfg
s2e@ubuntu:/usr/local/src/s2e/s2e$ locate demo | grep s2e
/home/s2e/dasos.old/s2ePreproc/s2e_release/demo.lua
/home/s2e/dasos.old/s2ePreproc/s2e_release/demos
/home/s2e/dasos.old/s2ePreproc/s2e_release/demos/Makefile
/home/s2e/dasos.old/s2ePreproc/s2e_release/demos/README
/home/s2e/dasos.old/s2ePreproc/s2e_release/demos/f
/home/s2e/dasos.old/s2ePreproc/s2e_release/demos/factorial
/home/s2e/dasos.old/s2ePreproc/s2e_release/demos/factorial.c
/home/s2e/dasos.old/s2ePreproc/s2e_release/demos/factorial.o
/home/s2e/dasos.old/s2ePreproc/s2e_release/demos/fibonacci
/home/s2e/dasos.old/s2ePreproc/s2e_release/demos/fibonacci.c
/home/s2e/dasos.old/s2ePreproc/s2e_release/demos/fibonacci.o
/home/s2e/dasos.old/s2ePreproc/s2e_release/demos/fork-and-kill
/home/s2e/dasos.old/s2ePreproc/s2e_release/demos/fs
/home/s2e/dasos.old/s2ePreproc/s2e_release/demos/fs.c
/home/s2e/dasos.old/s2ePreproc/s2e_release/demos/fs.o
/home/s2e/dasos.old/s2ePreproc/s2e_release/demos/grade-this-exam
/home/s2e/dasos.old/s2ePreproc/s2e_release/demos/k
/home/s2e/dasos.old/s2ePreproc/s2e_release/demos/ks
/home/s2e/dasos.old/s2ePreproc/s2e_release/demos/ks.c
/home/s2e/dasos.old/s2ePreproc/s2e_release/demos/ks.o
/home/s2e/dasos.old/s2ePreproc/s2e_release/demos/overlap
/home/s2e/dasos.old/s2ePreproc/s2e_release/demos/overlap.c
/home/s2e/dasos.old/s2ePreproc/s2e_release/demos/overlap.o
/home/s2e/dasos.old/s2ePreproc/s2e_release/demos/simple
/home/s2e/dasos.old/s2ePreproc/s2e_release/demos/simple.c
/home/s2e/dasos.old/s2ePreproc/s2e_release/demos/simple.o
/home/s2e/metasm/.hg/store/data/demo.rb.i
/home/s2e/metasm/.hg/store/data/old/demo.rb.i
/usr/local/src/s2e/build/llvm-3.0.src/test/CodeGen/X86/codemodel.ll
/usr/local/src/s2e/build/llvm-3.0.src/tools/clang/www/demo
/usr/local/src/s2e/build/llvm-3.0.src/tools/clang/www/demo/DemoInfo.html
/usr/local/src/s2e/build/llvm-3.0.src/tools/clang/www/demo/cathead.png
/usr/local/src/s2e/build/llvm-3.0.src/tools/clang/www/demo/index.cgi
/usr/local/src/s2e/build/llvm-3.0.src/tools/clang/www/demo/syntax.css
/usr/local/src/s2e/build/llvm-3.0.src/tools/clang/www/demo/what is this directory.txt
/usr/local/src/s2e/s2e/guest/demos
/usr/local/src/s2e/s2e/guest/demos/Makefile
/usr/local/src/s2e/s2e/guest/demos/quicksort.c
s2e@ubuntu:/usr/local/src/s2e/s2e$ less /home/s2e/dasos.old/s2ePreproc/s2e_release/demos/README
s2e@ubuntu:/usr/local/src/s2e/s2e$ /home/s2e/dasos.old/s2ePreproc/s2e_release/demos/README
bash: /home/s2e/dasos.old/s2ePreproc/s2e_release/demos/README: Permission denied
s2e@ubuntu:/usr/local/src/s2e/s2e$ sh /home/s2e/dasos.old/s2ePreproc/s2e_release/demos/README

Try S2E with the following demos:

#Demo 1
$ fork-and-kill

#Demo 2
$ grade-this-exam

Checkout s2e.epfl.ch to learn how it works!

s2e@ubuntu:/usr/local/src/s2e/s2e$ cd /home/s2e/dasos
s2e@ubuntu:~/dasos$ ls
buildPluginsQuick.sh  PluginsDir        PluginsReadme.txt   searchSource.sh
buildPlugins.sh       PluginsMakefile   PluginsReadme.txt~  SyscallTracker
InstructionTracker    PluginsMakefile~  Run
s2e@ubuntu:~/dasos$ cd SyscallTracker/
s2e@ubuntu:~/dasos/SyscallTracker$ ls
20120209-LinuxSyscallMonitor.patch  s2e_disk.raw
conf-SyscallTracker.lua             s2eget.README
conf-SyscallTracker.lua~            s2e-last
convertVmRawToQcow.sh               s2e-out-0
debian-6.0.5-i386-businesscard.iso  s2e-out-1
HostFiles                           s2e-out-2
InterruptMonitor.cpp                s2e-out-3
InterruptMonitor.cpp~               scp.sh
InterruptMonitor.h                  startVmRaw.sh
InterruptMonitor.h~                 syscallent.h
LinuxSyscallMonitor.cpp             syscallent-simple.h
LinuxSyscallMonitor.cpp~            SyscallTracker.cpp
LinuxSyscallMonitor.h               SyscallTracker.cpp~
old                                 SyscallTracker.h
pushCode.sh                         SyscallTracker.h~
runPlain-SyscallTracker             transform-syscallent.sh
runS2E-SyscallTracker
s2e@ubuntu:~/dasos/SyscallTracker$ cat scp.sh 
#! /bin/sh

scp -P 2222 $1 s2e-qemu@127.0.0.1:~/s2e-test/.
s2e@ubuntu:~/dasos/SyscallTracker$ ssh -p 2222 s2e-qemu@127.0.0.1
Linux s2e-qemu 2.6.32-5-686 #1 SMP Sun May 6 04:01:19 UTC 2012 i686

The programs included with the Debian GNU/Linux system are free software;
the exact distribution terms for each program are described in the
individual files in /usr/share/doc/*/copyright.

Debian GNU/Linux comes with ABSOLUTELY NO WARRANTY, to the extent
permitted by applicable law.
Last login: Wed Aug  8 10:47:59 2012 from 10.0.2.2
s2e-qemu@s2e-qemu:~$ cd s2e-test/
s2e-qemu@s2e-qemu:~/s2e-test$ ./quicksort 
4 5 5 6 7 
s2e-qemu@s2e-qemu:~/s2e-test$ shutdown -h now
-bash: shutdown: command not found
s2e-qemu@s2e-qemu:~/s2e-test$ su -c "shutdown -h now"
Password: 

Broadcast message from root@s2e-qemu (pts/0) (Wed Aug  8 13:54:31 2012):

The system is going down for system halt NOW!
s2e-qemu@s2e-qemu:~/s2e-test$ Connection to 127.0.0.1 closed by remote host.
Connection to 127.0.0.1 closed.
s2e@ubuntu:~/dasos/SyscallTracker$ ssh -p 2222 s2e-qemu@127.0.0.1
Linux s2e-qemu 2.6.32-5-686 #1 SMP Sun May 6 04:01:19 UTC 2012 i686

The programs included with the Debian GNU/Linux system are free software;
the exact distribution terms for each program are described in the
individual files in /usr/share/doc/*/copyright.

Debian GNU/Linux comes with ABSOLUTELY NO WARRANTY, to the extent
permitted by applicable law.
Last login: Wed Aug  8 13:53:07 2012 from 10.0.2.2
s2e-qemu@s2e-qemu:~$ su -c "shutdown -h now"
Password: 

Broadcast message from root@s2e-qemu (pts/0) (Wed Aug  8 14:12:12 2012):

The system is going down for system halt NOW!
s2e-qemu@s2e-qemu:~$ Connection to 127.0.0.1 closed by remote host.
Connection to 127.0.0.1 closed.
s2e@ubuntu:~/dasos/SyscallTracker$ df -h
Filesystem            Size  Used Avail Use% Mounted on
/dev/sda1             9.4G  8.4G  527M  95% /
none                  998M  168K  998M   1% /dev
none                 1005M  176K 1004M   1% /dev/shm
none                 1005M   92K 1005M   1% /var/run
none                 1005M     0 1005M   0% /var/lock
s2e@ubuntu:~/dasos/SyscallTracker$ ls -al
total 1848260
drwxr-xr-x 11 s2e s2e       4096 2012-08-08 11:12 .
drwxr-xr-x  5 s2e s2e       4096 2012-08-07 23:04 ..
-rw-r--r--  1 s2e s2e       5390 2012-08-02 08:33 20120209-LinuxSyscallMonitor.patch
-rw-r--r--  1 s2e s2e       1205 2012-08-08 10:48 conf-SyscallTracker.lua
-rw-r--r--  1 s2e s2e       1204 2012-08-08 10:48 conf-SyscallTracker.lua~
-rwxr-xr-x  1 s2e s2e         94 2012-08-08 07:52 convertVmRawToQcow.sh
-rw-r--r--  1 s2e s2e   48234496 2012-05-12 13:43 debian-6.0.5-i386-businesscard.iso
drwxr-xr-x  2 s2e s2e       4096 2012-08-08 08:03 HostFiles
-rw-r--r--  1 s2e s2e       5619 2012-08-07 23:10 InterruptMonitor.cpp
-rw-r--r--  1 s2e s2e       5622 2012-08-07 23:10 InterruptMonitor.cpp~
-rw-r--r--  1 s2e s2e       1943 2012-08-07 22:29 InterruptMonitor.h
-rw-r--r--  1 s2e s2e       1810 2012-08-07 22:29 InterruptMonitor.h~
-rw-r--r--  1 s2e s2e       7547 2012-08-07 23:11 LinuxSyscallMonitor.cpp
-rw-r--r--  1 s2e s2e       7545 2012-08-07 23:11 LinuxSyscallMonitor.cpp~
-rw-r--r--  1 s2e s2e       3819 2012-07-28 19:34 LinuxSyscallMonitor.h
drwxr-xr-x  2 s2e s2e       4096 2012-08-03 14:51 old
-rwxr-xr-x  1 s2e s2e        308 2012-08-03 14:58 pushCode.sh
-rwxr-xr-x  1 s2e s2e        143 2012-08-08 10:46 runPlain-SyscallTracker
-rwxr-xr-x  1 s2e s2e        183 2012-08-08 10:59 runS2E-SyscallTracker
-rw-r--r--  1 s2e s2e 2147483648 2012-08-08 11:12 s2e_disk2.raw
-rw-r--r--  1 s2e s2e 2147483648 2012-08-08 10:54 s2e_disk.raw
-rw-r--r--  1 s2e s2e        712 2012-08-08 08:04 s2eget.README
lrwxrwxrwx  1 s2e s2e         40 2012-08-08 11:12 s2e-last -> /home/s2e/dasos/SyscallTracker/s2e-out-6
drwxr-x---  2 s2e s2e       4096 2012-08-07 23:32 s2e-out-0
drwxr-x---  2 s2e s2e       4096 2012-08-08 00:01 s2e-out-1
drwxr-x---  2 s2e s2e       4096 2012-08-08 10:47 s2e-out-2
drwxr-x---  2 s2e s2e       4096 2012-08-08 10:48 s2e-out-3
drwxr-x---  2 s2e s2e       4096 2012-08-08 11:00 s2e-out-4
drwxr-x---  2 s2e s2e       4096 2012-08-08 11:08 s2e-out-5
drwxr-x---  2 s2e s2e       4096 2012-08-08 11:12 s2e-out-6
-rwxr-xr-x  1 s2e s2e         59 2012-08-08 08:01 scp.sh
-rw-r--r--  1 s2e s2e        118 2012-08-08 07:52 startVmRaw.sh
-rw-r--r--  1 s2e s2e      23377 2012-08-02 08:31 syscallent.h
-rw-r--r--  1 s2e s2e      17036 2012-08-02 08:31 syscallent-simple.h
-rw-r--r--  1 s2e s2e       2021 2012-08-07 23:33 SyscallTracker.cpp
-rw-r--r--  1 s2e s2e       2016 2012-08-07 23:33 SyscallTracker.cpp~
-rw-r--r--  1 s2e s2e       1526 2012-08-07 23:09 SyscallTracker.h
-rw-r--r--  1 s2e s2e       1474 2012-08-07 23:09 SyscallTracker.h~
-rw-r--r--  1 s2e s2e        148 2012-08-02 08:31 transform-syscallent.sh
s2e@ubuntu:~/dasos/SyscallTracker$ rm -Rf s2e-out-0
s2e@ubuntu:~/dasos/SyscallTracker$ rm -Rf s2e-out-1
s2e@ubuntu:~/dasos/SyscallTracker$ rm -Rf s2e-out-2
s2e@ubuntu:~/dasos/SyscallTracker$ rm -Rf s2e-out-3
s2e@ubuntu:~/dasos/SyscallTracker$ rm -Rf s2e-out-4
s2e@ubuntu:~/dasos/SyscallTracker$ rm -Rf s2e-out-5
s2e@ubuntu:~/dasos/SyscallTracker$ df -h
Filesystem            Size  Used Avail Use% Mounted on
/dev/sda1             9.4G  8.4G  532M  95% /
none                  998M  168K  998M   1% /dev
none                 1005M  176K 1004M   1% /dev/shm
none                 1005M   92K 1005M   1% /var/run
none                 1005M     0 1005M   0% /var/lock
s2e@ubuntu:~/dasos/SyscallTracker$ ls
20120209-LinuxSyscallMonitor.patch  runS2E-SyscallTracker
conf-SyscallTracker.lua             s2e_disk2.raw
conf-SyscallTracker.lua~            s2e_disk.raw
convertVmRawToQcow.sh               s2eget.README
debian-6.0.5-i386-businesscard.iso  s2e-last
HostFiles                           s2e-out-6
InterruptMonitor.cpp                scp.sh
InterruptMonitor.cpp~               startVmRaw.sh
InterruptMonitor.h                  syscallent.h
InterruptMonitor.h~                 syscallent-simple.h
LinuxSyscallMonitor.cpp             SyscallTracker.cpp
LinuxSyscallMonitor.cpp~            SyscallTracker.cpp~
LinuxSyscallMonitor.h               SyscallTracker.h
old                                 SyscallTracker.h~
pushCode.sh                         transform-syscallent.sh
runPlain-SyscallTracker
s2e@ubuntu:~/dasos/SyscallTracker$ cd s2e-last
s2e@ubuntu:~/dasos/SyscallTracker/s2e-last$ ls
assembly.ll  ExecutionTracer.dat  messages.txt  s2e.cmdline     warnings.txt
debug.txt    info.txt             run.stats     s2e.config.lua
s2e@ubuntu:~/dasos/SyscallTracker/s2e-last$ ls -rtl *.txt
-rw-r--r-- 1 s2e s2e      0 2012-08-08 11:12 warnings.txt
-rw-r--r-- 1 s2e s2e      0 2012-08-08 11:12 messages.txt
-rw-r--r-- 1 s2e s2e      0 2012-08-08 11:12 info.txt
-rw-r--r-- 1 s2e s2e 302397 2012-08-08 11:16 debug.txt
s2e@ubuntu:~/dasos/SyscallTracker/s2e-last$ tail -f debug.txt 
Syscall number 0x6
Syscall number 0x7d
Syscall number 0xc5
Syscall number 0xc0
Syscall number 0x3
Syscall number 0xc3
Syscall number 0x5
Syscall number 0xc3
Syscall number 0x5
Syscall number 0x7d
Syscall number 0x6
Syscall number 0xc0
Syscall number 0x8c
Syscall number 0x66
Syscall number 0x8c
Syscall number 0x5
Syscall number 0xf3
Syscall number 0x8c
Syscall number 0x4
Syscall number 0x3
Syscall number 0x7d
Syscall number 0x2d
Syscall number 0xc3
Firing timer event
Syscall number 0x1b
Syscall number 0xc0
Syscall number 0x3
Syscall number 0x5
Syscall number 0x2d
Syscall number 0xc3
Syscall number 0x66
Syscall number 0xc5
Syscall number 0x8c
Syscall number 0x4
Syscall number 0x5
Syscall number 0x5
Syscall number 0x5
Syscall number 0x8c
Syscall number 0x8c
Syscall number 0xc5
Syscall number 0xc0
Syscall number 0x3
Syscall number 0x2d
Syscall number 0xc0
Syscall number 0x3
Firing timer event
Syscall number 0x66
Syscall number 0x8c
Syscall number 0xc3
Syscall number 0x5
Syscall number 0xc3
Syscall number 0x8c
Syscall number 0x5
Syscall number 0x4
Syscall number 0x6
Syscall number 0x5b
Syscall number 0x7
Syscall number 0xfc
Syscall number 0x3
Syscall number 0x3
Syscall number 0x5
Syscall number 0xc3
Syscall number 0x2d
Syscall number 0x21
Syscall number 0x5
Syscall number 0x66
Syscall number 0x8c
Syscall number 0x6
Syscall number 0xc3
Syscall number 0x5
Syscall number 0x5
Syscall number 0x8c
Firing timer event
Syscall number 0x3f
Syscall number 0x3
Syscall number 0xc0
Syscall number 0x7d
Syscall number 0x5
Syscall number 0x5b
Syscall number 0x8c
Syscall number 0xc3
Syscall number 0x8c
Syscall number 0xc3
Syscall number 0x1b
Syscall number 0xc3
Syscall number 0x8c
Syscall number 0x8c
Syscall number 0x6
Syscall number 0xc5
Syscall number 0x6
Syscall number 0x3
Syscall number 0x5
Syscall number 0xc0
Syscall number 0xc3
Syscall number 0x3f
Syscall number 0x4
Syscall number 0x66
Syscall number 0xc0
Syscall number 0xc0
Syscall number 0x6
Syscall number 0x3
Syscall number 0x5b
Syscall number 0x5
Syscall number 0xc3
Firing timer event
Syscall number 0x3
Syscall number 0x5
Syscall number 0x55
Syscall number 0x3
Syscall number 0x3f
Syscall number 0x6
Syscall number 0x7d
Syscall number 0x5
Syscall number 0x6
Syscall number 0x8c
Syscall number 0x8c
Syscall number 0x8c
Syscall number 0x8c
Syscall number 0x8c
Syscall number 0x5
Syscall number 0xc5
Syscall number 0xc0
Syscall number 0x5
Syscall number 0x5
Syscall number 0x4
Syscall number 0xc3
Syscall number 0x8d
Syscall number 0x3
Syscall number 0xc5
Syscall number 0xc0
Syscall number 0xaf
Syscall number 0x61
Syscall number 0x5b
Syscall number 0x5b
Syscall number 0xc5
Syscall number 0x5
Syscall number 0x3
Syscall number 0x2d
Firing timer event
Syscall number 0x5
Syscall number 0xc5
Syscall number 0x5
Syscall number 0x66
Syscall number 0x7a
Syscall number 0xc0
Syscall number 0xc0
Syscall number 0x2d
Syscall number 0x66
Syscall number 0x3
Syscall number 0x8c
Syscall number 0x8c
Syscall number 0x5
Syscall number 0x4
Syscall number 0xc0
Syscall number 0xc3
Syscall number 0x8c
Syscall number 0x4
Syscall number 0x66
Syscall number 0xf3
Syscall number 0xc3
Syscall number 0x5
Syscall number 0x3
Syscall number 0x7a
Syscall number 0x3
Syscall number 0xb
Syscall number 0x7d
Syscall number 0x6
Syscall number 0x8c
Syscall number 0x8c
Syscall number 0x3
Firing timer event
Syscall number 0xc3
Syscall number 0x5
Syscall number 0x3
Syscall number 0x66
Syscall number 0xc3
Syscall number 0x5
Syscall number 0x8c
Syscall number 0x8c
Syscall number 0x5
Syscall number 0x5
Syscall number 0x8c
Syscall number 0x6
Syscall number 0xc0
Syscall number 0x4
Syscall number 0x3
Syscall number 0x8c
Syscall number 0x8c
Syscall number 0x8c
Syscall number 0x66
Syscall number 0xc3
Syscall number 0x5
Syscall number 0x3
Syscall number 0x6
Syscall number 0xc4
Syscall number 0xc3
Syscall number 0x5
Syscall number 0xc3
Syscall number 0x8c
Syscall number 0x4
Syscall number 0x8c
Syscall number 0x6
Syscall number 0xfc
Syscall number 0x3
Firing timer event
Syscall number 0x135
Syscall number 0x3
Syscall number 0x8c
Syscall number 0x6
Syscall number 0x5b
Syscall number 0x6
Syscall number 0x5b
Syscall number 0x66
Syscall number 0xc3
Syscall number 0x5b
Syscall number 0x5
Syscall number 0xc3
Syscall number 0xc3
Syscall number 0x8c
Syscall number 0x4
Syscall number 0x8c
Syscall number 0x8c
Syscall number 0x1b
Syscall number 0xc5
Syscall number 0xc0
Syscall number 0x3
Syscall number 0xc3
Syscall number 0x5
Syscall number 0xc5
Syscall number 0x8c
Syscall number 0x8c
Syscall number 0x6
Syscall number 0x66
Syscall number 0x5
Syscall number 0xc0
Syscall number 0xc5
Syscall number 0x5b
Syscall number 0x5
Firing timer event
Syscall number 0x5
Syscall number 0x66
Syscall number 0x3
Syscall number 0x5
Syscall number 0x66
Syscall number 0x5
Syscall number 0xf3
Syscall number 0xc3
Syscall number 0x8c
Syscall number 0x3
Syscall number 0x5
Syscall number 0x8c
Syscall number 0x3
Syscall number 0x5
Syscall number 0x6
Syscall number 0xc3
Syscall number 0x8c
Syscall number 0x8c
Syscall number 0x4
Syscall number 0x5b
Syscall number 0x66
Syscall number 0x3
Syscall number 0xc5
Syscall number 0xc0
Syscall number 0xc3
Syscall number 0x8c
Syscall number 0x5
Syscall number 0x8c
Syscall number 0xc5
Syscall number 0xc3
Syscall number 0x6
Firing timer event
Syscall number 0x4
Syscall number 0x5b
Syscall number 0x135
Syscall number 0x5
Syscall number 0x5
Syscall number 0x66
Syscall number 0xc5
Syscall number 0xf3
Syscall number 0x5
Syscall number 0xc0
Syscall number 0x5b
Syscall number 0x3
Syscall number 0xc0
Syscall number 0x3
Syscall number 0x5
Syscall number 0xc3
Syscall number 0xc5
Syscall number 0xc0
Syscall number 0x8c
Syscall number 0x8c
Syscall number 0x8c
Syscall number 0x3
Syscall number 0x21
Syscall number 0x5
Syscall number 0x5
Syscall number 0x8c
Syscall number 0x4
Syscall number 0x5
Syscall number 0x8c
Syscall number 0xc3
Syscall number 0x5
Syscall number 0x66
Syscall number 0x3
Syscall number 0x5
Syscall number 0x8c
Syscall number 0x4
Firing timer event
Syscall number 0xc3
Syscall number 0x3
Syscall number 0x6
Syscall number 0xc3
Syscall number 0x5
Syscall number 0xc3
Syscall number 0x5
Syscall number 0x5
Syscall number 0x66
Syscall number 0x6
Syscall number 0x5b
Syscall number 0xc5
Syscall number 0xc0
Syscall number 0x3
Syscall number 0x5
Syscall number 0xc5
Syscall number 0xc0
Syscall number 0xc3
Syscall number 0x5
Syscall number 0x7d
Syscall number 0xc3
Syscall number 0x3
Syscall number 0x7a
Syscall number 0x3
Syscall number 0xc0
Syscall number 0x5
Syscall number 0xc0
Syscall number 0xc3
Syscall number 0x5
Syscall number 0x8c
Syscall number 0x5
Syscall number 0x5b
Syscall number 0x4
Syscall number 0x66
Syscall number 0x6
Syscall number 0x5b
Syscall number 0xc3
Syscall number 0x5
Syscall number 0xc3
Syscall number 0x8c
Syscall number 0x4
Syscall number 0x66
Syscall number 0x6
Syscall number 0xc3
Firing timer event
Syscall number 0xc5
Syscall number 0x3
Syscall number 0x66
Syscall number 0xc3
Syscall number 0x66
Syscall number 0x8c
Syscall number 0x4
Syscall number 0x3
Syscall number 0x66
Syscall number 0x3
Syscall number 0x135
Syscall number 0x5b
Syscall number 0x5
Syscall number 0xf3
Syscall number 0xc0
Syscall number 0xc3
Syscall number 0x7d
Syscall number 0x3
Syscall number 0x5
Syscall number 0x8c
Syscall number 0x5
Syscall number 0x3
Syscall number 0x4
Syscall number 0x5
Syscall number 0x66
Syscall number 0x3
Syscall number 0x21
Syscall number 0x5
Syscall number 0x7a
Syscall number 0x5
Syscall number 0x5
Syscall number 0xc3
Syscall number 0x8c
Syscall number 0x8c
Syscall number 0x8c
Syscall number 0x5
Syscall number 0xc5
Firing timer event
Syscall number 0x3
Syscall number 0x6
Syscall number 0xc3
Syscall number 0x3
Syscall number 0x5
Syscall number 0x8c
Syscall number 0xc3
Syscall number 0x8c
Syscall number 0x3
Syscall number 0x5b
Syscall number 0x53
Syscall number 0xdd
Syscall number 0x8c
Syscall number 0x4
Syscall number 0x66
Syscall number 0x3
Syscall number 0xc3
Syscall number 0xc0
Syscall number 0x2d
Syscall number 0x8c
Syscall number 0x6
Syscall number 0x5b
Syscall number 0xc3
Syscall number 0x3
Syscall number 0x2d
Syscall number 0x8c
Syscall number 0x5
Syscall number 0x5
Syscall number 0x4
Firing timer event
Syscall number 0xc5
Syscall number 0x5
Syscall number 0x5
Syscall number 0x3
Syscall number 0x26
Syscall number 0xc5
Syscall number 0xc5
Syscall number 0x5
Syscall number 0x7d
Syscall number 0x8c
Syscall number 0xc3
Syscall number 0x5
Syscall number 0x21
Syscall number 0xc3
Syscall number 0x66
Syscall number 0x8c
Syscall number 0x5
Syscall number 0x5
Syscall number 0xc3
Syscall number 0x6
Syscall number 0xc0
Syscall number 0xc3
Syscall number 0xc0
Syscall number 0xc5
Syscall number 0xc0
Syscall number 0x5
Syscall number 0xc3
Syscall number 0x5
Syscall number 0x3
Firing timer event
Syscall number 0x8d
Syscall number 0xc5
Syscall number 0xc0
Syscall number 0x3
Syscall number 0x4
Syscall number 0x4
Syscall number 0x8c
Syscall number 0x8c
Syscall number 0x3
Syscall number 0x5
Syscall number 0x3
Syscall number 0x5
Syscall number 0xc5
Syscall number 0xc0
Syscall number 0xc3
Syscall number 0xc5
Syscall number 0x8c
Syscall number 0x8c
Syscall number 0x8c
Syscall number 0x3
Syscall number 0x7d
Syscall number 0x5
Syscall number 0xdd
Syscall number 0x5b
Syscall number 0x8c
Syscall number 0xc0
Syscall number 0x8c
Syscall number 0x8c
Syscall number 0x66
Syscall number 0xc0
Syscall number 0x3
Syscall number 0xc5
Syscall number 0x3
Firing timer event
Syscall number 0xc3
Syscall number 0x3
Syscall number 0x8d
Syscall number 0x8c
Syscall number 0x4
Syscall number 0x66
Syscall number 0x7d
Syscall number 0x8d
Syscall number 0x6
Syscall number 0x5b
Syscall number 0x6
Syscall number 0x8c
Syscall number 0x4
Syscall number 0x66
Syscall number 0x5
Syscall number 0xc0
Syscall number 0x8c
Syscall number 0x4
Syscall number 0x6
Syscall number 0x7d
Syscall number 0x3
Syscall number 0xc3
Syscall number 0x5
Syscall number 0x6
Syscall number 0x5b
Syscall number 0x66
Syscall number 0x8c
Syscall number 0x5
Syscall number 0xc3
Syscall number 0x5
Syscall number 0xc3
Syscall number 0xc0
Syscall number 0x3
Firing timer event
Syscall number 0x8c
Syscall number 0x8c
Syscall number 0x8c
Syscall number 0x8c
Syscall number 0x8c
Syscall number 0x8c
Syscall number 0x8c
Syscall number 0x8c
Syscall number 0x8c
Syscall number 0x5b
Syscall number 0x8c
Syscall number 0x5
Syscall number 0xc5
Syscall number 0xc0
Syscall number 0x3
Syscall number 0x4
Syscall number 0xc3
Syscall number 0x5
Syscall number 0xc3
Syscall number 0x21
Syscall number 0x3
Syscall number 0x5
Syscall number 0x5
Syscall number 0xc4
Syscall number 0x6
Syscall number 0x8c
Syscall number 0x8c
Syscall number 0x8c
Syscall number 0x8c
Syscall number 0x8c
Syscall number 0xc0
Syscall number 0x6
Syscall number 0x5
Syscall number 0x66
Syscall number 0x8c
Syscall number 0x5
Syscall number 0x3
Syscall number 0x7d
Syscall number 0x4
Syscall number 0x3
Syscall number 0x8c
Syscall number 0xc5
Syscall number 0x3
Firing timer event
Syscall number 0x8c
Syscall number 0x5
Syscall number 0x8d
Syscall number 0x8c
Syscall number 0xc0
Syscall number 0xf3
Syscall number 0x3
Syscall number 0x6
Syscall number 0xfc
Syscall number 0xc5
Syscall number 0xc0
Syscall number 0x140
Syscall number 0x3
Syscall number 0x4
Syscall number 0x7d
Syscall number 0xc5
Syscall number 0xc0
Syscall number 0x8c
Syscall number 0x5b
Syscall number 0x6
Syscall number 0x3
Syscall number 0x5
Syscall number 0x66
Syscall number 0x3
Syscall number 0xc0
Syscall number 0x3
Syscall number 0x6
Syscall number 0x3
Syscall number 0xc3
Syscall number 0x6
Syscall number 0x7d
Syscall number 0x5
Syscall number 0x3
Firing timer event
Syscall number 0x3
Syscall number 0x6
Syscall number 0x5b
Syscall number 0x5b
Syscall number 0x7a
Syscall number 0x5b
Syscall number 0x8c
Syscall number 0x4
Syscall number 0xc5
Syscall number 0x66
Syscall number 0x3
Syscall number 0x2d
Syscall number 0x8c
Syscall number 0x8c
Syscall number 0xc4
Syscall number 0x6
Syscall number 0xc5
Syscall number 0x5
Syscall number 0x1b
Syscall number 0x8c
Syscall number 0x3
Syscall number 0x3
Syscall number 0x6
Syscall number 0xc0
Syscall number 0xc0
Syscall number 0x5
Syscall number 0x5
Firing timer event
Syscall number 0x5
Syscall number 0x5b
Syscall number 0x5b
Syscall number 0x7d
Syscall number 0x7a
Syscall number 0x8c
Syscall number 0x4
Syscall number 0x5
Syscall number 0xc3
Syscall number 0x5
Syscall number 0xfc
Syscall number 0x2d
Syscall number 0x2d
Syscall number 0x7d
Syscall number 0x66
Syscall number 0x8c
Syscall number 0x4
Syscall number 0x5
Syscall number 0x8c
Syscall number 0x8c
Syscall number 0xc5
Syscall number 0xc0
Syscall number 0x3
Syscall number 0xc3
Syscall number 0xc5
Syscall number 0xc0
Syscall number 0x53
Syscall number 0xc5
Syscall number 0xc0
Syscall number 0x3
Syscall number 0x3
Syscall number 0x5b
Syscall number 0x3
Syscall number 0x3
Syscall number 0x6
Syscall number 0x66
Firing timer event
Syscall number 0x5
Syscall number 0x8c
Syscall number 0x4
Syscall number 0x8c
Syscall number 0x8c
Syscall number 0x8c
Syscall number 0x5b
Syscall number 0x6
Syscall number 0x5b
Syscall number 0x2d
Syscall number 0x2d
Syscall number 0x2d
Syscall number 0xc3
Syscall number 0xc0
Syscall number 0x6
Syscall number 0xc5
Syscall number 0x8c
Syscall number 0x8c
Syscall number 0x8c
Syscall number 0x8c
Syscall number 0x8c
Syscall number 0xc0
Syscall number 0x7d
Syscall number 0x66
Syscall number 0x2d
Syscall number 0xc3
Syscall number 0x4
Syscall number 0x1b
Syscall number 0x8c
Syscall number 0x66
Syscall number 0x4
Syscall number 0x8c
Syscall number 0x1b
Firing timer event
Syscall number 0x5
Syscall number 0x66
Syscall number 0x5
Syscall number 0xc0
Syscall number 0xc5
Syscall number 0x5
Syscall number 0x8c
Syscall number 0x8c
Syscall number 0x8c
Syscall number 0x5
Syscall number 0xc5
Syscall number 0x8c
Syscall number 0x66
Syscall number 0x5
Syscall number 0xfc
Syscall number 0x5
Syscall number 0xc3
Syscall number 0x8c
Syscall number 0xc0
Syscall number 0x5
Syscall number 0x8c
Syscall number 0x8c
Syscall number 0xc3
Syscall number 0x7d
Syscall number 0x8c
Syscall number 0x4
Syscall number 0x8c
Syscall number 0x8c
Syscall number 0x8c
Syscall number 0xc0
Syscall number 0x5
Syscall number 0x66
Firing timer event
Syscall number 0x3
Syscall number 0x5
Syscall number 0x8c
Syscall number 0x4
Syscall number 0x135
Syscall number 0xc5
Syscall number 0x8c
Syscall number 0x6
Syscall number 0x5b
Syscall number 0x5
Syscall number 0x66
Syscall number 0x8c
Syscall number 0x8c
Syscall number 0x8c
Syscall number 0x8c
Syscall number 0xc0
Syscall number 0x3
Syscall number 0x6
Syscall number 0x5
Syscall number 0x8c
Syscall number 0x8c
Syscall number 0x8c
Syscall number 0x8c
Syscall number 0x8c
Syscall number 0x8c
Syscall number 0x2d
Syscall number 0x5
Syscall number 0x4
Syscall number 0xc3
Syscall number 0x6
Syscall number 0xc3
Syscall number 0xc3
Syscall number 0x8c
Syscall number 0x8c
Syscall number 0x8c
Syscall number 0x6
Syscall number 0x5b
Syscall number 0x66
Syscall number 0x66
Syscall number 0x7d
Firing timer event
Syscall number 0x8c
Syscall number 0x8c
Syscall number 0x5
Syscall number 0xc0
Syscall number 0xc0
Syscall number 0x8c
Syscall number 0x8c
Syscall number 0x2d
Syscall number 0x5
Syscall number 0x8c
Syscall number 0xc0
Syscall number 0x3
Syscall number 0xc5
Syscall number 0x5
Syscall number 0x5
Syscall number 0x5
Syscall number 0x8c
Syscall number 0x6
Syscall number 0x5
Syscall number 0x8c
Syscall number 0x5
Syscall number 0xdd
Syscall number 0x5
Syscall number 0x4
Syscall number 0x5
Syscall number 0xc0
Syscall number 0x3
Syscall number 0xc3
Syscall number 0xc5
Syscall number 0xc3
Syscall number 0xc5
Syscall number 0xc0
Syscall number 0x3
Firing timer event
Syscall number 0x1b
Syscall number 0x3
Syscall number 0x5b
Syscall number 0xf3
Syscall number 0x5
Syscall number 0x7d
Syscall number 0xc5
Syscall number 0xc0
Syscall number 0x7a
Syscall number 0x4
Syscall number 0x8d
Syscall number 0x6
Syscall number 0x7d
Syscall number 0xc0
Syscall number 0x3
Syscall number 0x3
Syscall number 0xc5
Syscall number 0xc0
Syscall number 0x7a
Syscall number 0xf3
Syscall number 0x5b
Syscall number 0x5
Syscall number 0x8c
Syscall number 0x3
Syscall number 0x5
Syscall number 0x66
Firing timer event
Syscall number 0xdd
Syscall number 0x66
Syscall number 0x5
Syscall number 0x5
Syscall number 0xc3
Syscall number 0x5
Syscall number 0x3
Syscall number 0x8c
Syscall number 0xc5
Syscall number 0xc0
Syscall number 0x3
Syscall number 0x5
Syscall number 0xc5
Syscall number 0xc0
Syscall number 0x3
Syscall number 0xc3
Syscall number 0x3
Syscall number 0x3
Syscall number 0xc5
Syscall number 0xc0
Syscall number 0x3
Syscall number 0x6
Syscall number 0xc0
Syscall number 0x21
Syscall number 0x3
Syscall number 0xc5
Syscall number 0xc0
Syscall number 0x3
Syscall number 0x6
Syscall number 0x5b
Syscall number 0x2d
Syscall number 0x5
Syscall number 0x7a
Syscall number 0x6
Firing timer event
Syscall number 0x3
Syscall number 0x5b
Syscall number 0xc3
Syscall number 0x135
Syscall number 0xc3
Syscall number 0x66
Syscall number 0x8c
Syscall number 0x8c
Syscall number 0x3
Syscall number 0x3
Syscall number 0x6
Syscall number 0x5
Syscall number 0xc3
Syscall number 0x2d
Syscall number 0xc5
Syscall number 0xdd
Syscall number 0x3
Syscall number 0x8d
Syscall number 0xc5
Syscall number 0x3
Syscall number 0x6
Syscall number 0x5
Syscall number 0x5
Syscall number 0x5b
Syscall number 0x5b
Syscall number 0x3
Syscall number 0x8c
Syscall number 0x66
Syscall number 0x8c
Firing timer event
Syscall number 0x5
Syscall number 0x5b
Syscall number 0xc3
Syscall number 0x5
Syscall number 0x66
Syscall number 0xc3
Syscall number 0x66
Syscall number 0x6
Syscall number 0x5
Syscall number 0xc3
Syscall number 0x1b
Syscall number 0xfc
Syscall number 0x3
Syscall number 0x5
Syscall number 0x55
Syscall number 0x5b
Syscall number 0x5
Syscall number 0x6
Syscall number 0x5
Syscall number 0xc5
Syscall number 0xc0
Syscall number 0x7a
Syscall number 0xf3
Syscall number 0x5
Syscall number 0x3
Syscall number 0xc5
Syscall number 0x8c
Firing timer event
Syscall number 0xc0
Syscall number 0x8c
Syscall number 0x5
Syscall number 0x3
Syscall number 0x5
Syscall number 0xc3
Syscall number 0x5
Syscall number 0x6
Syscall number 0x5
Syscall number 0x66
Syscall number 0x66
Syscall number 0x5b
Syscall number 0xc3
Syscall number 0xc3
Syscall number 0x135
Syscall number 0x5
Syscall number 0x66
Syscall number 0xc3
Syscall number 0x5
Syscall number 0x55
Syscall number 0xdd
Syscall number 0xc5
Syscall number 0xc0
Syscall number 0x3
Syscall number 0x8d
Syscall number 0x7d
Syscall number 0xc3
Firing timer event
Syscall number 0x66
Syscall number 0x1b
Syscall number 0x5
Syscall number 0x8c
Syscall number 0x5
Syscall number 0x7d
Syscall number 0x55
Syscall number 0x5
Syscall number 0xc3
Syscall number 0x5
Syscall number 0xc5
Syscall number 0x8c
Syscall number 0x3
Syscall number 0xc4
Syscall number 0xc5
Syscall number 0x3
Syscall number 0xc0
Syscall number 0x8d
Syscall number 0x8d
Syscall number 0xc3
Syscall number 0x3
Syscall number 0x3
Syscall number 0xc0
Syscall number 0x6
Syscall number 0xc3
Syscall number 0x5
Syscall number 0x135
Syscall number 0x1b
Syscall number 0x8c
Syscall number 0x3
Syscall number 0x6
Firing timer event
Syscall number 0x5
Syscall number 0x3
Syscall number 0xc5
Syscall number 0xc0
Syscall number 0x3
Syscall number 0xc3
Syscall number 0x3
Syscall number 0x5b
Syscall number 0x4
Syscall number 0x21
Syscall number 0x3
Syscall number 0x7d
Syscall number 0x3
Syscall number 0x6
Syscall number 0xc5
Syscall number 0xc0
Syscall number 0x5
Syscall number 0x3
Syscall number 0x55
Syscall number 0x3
Syscall number 0x5
Syscall number 0x5b
Syscall number 0x5
Syscall number 0x3
Syscall number 0xc3
Syscall number 0x8d
Syscall number 0x7d
Syscall number 0x2d
Syscall number 0x2d
Syscall number 0x3
Syscall number 0xc3
Syscall number 0x6
Syscall number 0x8c
Firing timer event
Syscall number 0xc4
Syscall number 0x5
Syscall number 0xc3
Syscall number 0xc5
Syscall number 0x66
Syscall number 0x2d
Syscall number 0x2d
Syscall number 0xc5
Syscall number 0xc0
Syscall number 0x3
Syscall number 0x8c
Syscall number 0x3
Syscall number 0x5
Syscall number 0x5b
Syscall number 0x66
Syscall number 0x5
Syscall number 0x3
Syscall number 0x78
Syscall number 0xc5
Syscall number 0x3
Syscall number 0x6
Syscall number 0x5
Syscall number 0x8c
Syscall number 0xc0
Syscall number 0x3
Syscall number 0x8c
Syscall number 0x3
Syscall number 0xc5
Syscall number 0x8c
Syscall number 0x3
Syscall number 0x5
Firing timer event
Syscall number 0x1b
Syscall number 0x55
Syscall number 0x5
Syscall number 0x5
Syscall number 0xc5
Syscall number 0xc0
Syscall number 0xc3
Syscall number 0x8c
Syscall number 0x5b
Syscall number 0xdd
Syscall number 0x6
Syscall number 0x5b
Syscall number 0x8d
Syscall number 0xc0
Syscall number 0x3
Syscall number 0x7d
Syscall number 0x66
Syscall number 0x66
Syscall number 0x66
Syscall number 0x66
Syscall number 0xc3
Syscall number 0x3
Syscall number 0x6
Syscall number 0x5
Syscall number 0x55
Syscall number 0xc5
Syscall number 0xc0
Syscall number 0x3
Syscall number 0x3
Syscall number 0x5
Syscall number 0x6
Syscall number 0x5b
Syscall number 0x8c
Syscall number 0x8c
Syscall number 0x8c
Syscall number 0x78
Firing timer event
Syscall number 0x8d
Syscall number 0x6
Syscall number 0x1b
Syscall number 0x55
Syscall number 0xc3
Syscall number 0xc3
Syscall number 0xc5
Syscall number 0x55
Syscall number 0xc0
Syscall number 0x5
Syscall number 0x3
Syscall number 0xc5
Syscall number 0xc0
Syscall number 0x3
Syscall number 0x8d
Syscall number 0xc4
Syscall number 0x8c
Syscall number 0x8c
Syscall number 0x8c
Syscall number 0x8c
Syscall number 0xfc
Syscall number 0x3
Syscall number 0x5
Syscall number 0x5
Syscall number 0xc3
Syscall number 0x8c
Syscall number 0x78
Syscall number 0x6
Syscall number 0x5b
Syscall number 0xc0
Syscall number 0x5
Syscall number 0x8c
Syscall number 0x8c
Syscall number 0x8c
Syscall number 0x8c
Syscall number 0x8c
Syscall number 0x3
Syscall number 0x6
Syscall number 0x8c
Firing timer event
Syscall number 0x8c
Syscall number 0x6
Syscall number 0x8c
Syscall number 0x8c
Syscall number 0x8c
Syscall number 0x8c
Syscall number 0x8c
Syscall number 0xc4
Syscall number 0x5
Syscall number 0x7a
Syscall number 0x66
Syscall number 0x66
Syscall number 0x7
Syscall number 0x5
Syscall number 0x5
Syscall number 0x5b
Syscall number 0x8c
Syscall number 0x5
Syscall number 0xc5
Syscall number 0x7a
Syscall number 0xc5
Syscall number 0xc0
Syscall number 0x8c
Syscall number 0x1b
Syscall number 0x5
Syscall number 0x5
Syscall number 0xc5
Syscall number 0xc0
Syscall number 0x3
Syscall number 0xc3
Syscall number 0x5
Syscall number 0xc3
Syscall number 0x3
Syscall number 0x8c
Syscall number 0x8c
Syscall number 0x8c
Syscall number 0x8c
Syscall number 0x8c
Syscall number 0x8c
Syscall number 0x2d
Syscall number 0x2d
Syscall number 0x3
Syscall number 0x5
Firing timer event
Syscall number 0x1b
Syscall number 0x135
Syscall number 0x6
Syscall number 0x55
Syscall number 0x6
Syscall number 0x5b
Syscall number 0x3f
Syscall number 0x3f
Syscall number 0x3f
Syscall number 0x6
Syscall number 0xc3
Syscall number 0xc5
Syscall number 0xc0
Syscall number 0x3
Syscall number 0x3
Syscall number 0x5
Syscall number 0x78
Syscall number 0x5b
Syscall number 0xc3
Syscall number 0xaf
Syscall number 0x5b
Syscall number 0x8c
Syscall number 0x7d
Syscall number 0x55
Syscall number 0x3
Syscall number 0x66
Syscall number 0x66
Syscall number 0x8c
Syscall number 0x8c
Syscall number 0x8c
Syscall number 0x8c
Syscall number 0x5
Syscall number 0x5
Syscall number 0xc3
Syscall number 0x5
Syscall number 0x8c
Syscall number 0x8c
Syscall number 0x8c
Syscall number 0x8c
Syscall number 0x8c
Syscall number 0x8c
Syscall number 0x8c
Syscall number 0x61
Syscall number 0x3
Firing timer event
Syscall number 0xb
Syscall number 0x8d
Syscall number 0x8c
Syscall number 0x8c
Syscall number 0xc0
Syscall number 0xc4
Syscall number 0x8c
Syscall number 0x8c
Syscall number 0x5
Syscall number 0x1b
Syscall number 0x7
Syscall number 0x6
Syscall number 0x5
Syscall number 0x5
Syscall number 0xc5
Syscall number 0x55
Syscall number 0xc0
Syscall number 0x3
Syscall number 0x8c
Syscall number 0x8c
Syscall number 0x8c
Syscall number 0x8c
Syscall number 0x8c
Syscall number 0x8c
Syscall number 0x78
Syscall number 0xc5
Syscall number 0xc0
Syscall number 0x3
Syscall number 0xc3
Syscall number 0x8c
Syscall number 0x8c
Syscall number 0x3
Syscall number 0x6
Syscall number 0x5b
Syscall number 0x7
Firing timer event
Syscall number 0x8c
Syscall number 0x5
Syscall number 0x3f
Syscall number 0x3f
Syscall number 0x3f
Syscall number 0xdd
Syscall number 0xc5
Syscall number 0xc5
Syscall number 0xc5
Syscall number 0xc0
Syscall number 0x6
Syscall number 0xc5
Syscall number 0x3
Syscall number 0x55
Syscall number 0x5
Syscall number 0x3
Syscall number 0x8c
Syscall number 0x8c
Syscall number 0x3
Syscall number 0x7d
Syscall number 0xc0
Syscall number 0x8c
Syscall number 0x2d
Syscall number 0xc3
Syscall number 0x5
Syscall number 0x3
Syscall number 0x8c
Syscall number 0x3
Syscall number 0x6
Syscall number 0xaf
Syscall number 0x3
Firing timer event
Syscall number 0x5
Syscall number 0x5
Syscall number 0x8c
Syscall number 0x5
Syscall number 0x6
Syscall number 0x3
Syscall number 0x3
Syscall number 0x5
Syscall number 0x61
Syscall number 0x8d
Syscall number 0x7
Syscall number 0xc4
Syscall number 0xc3
Syscall number 0x8c
Syscall number 0x3
Syscall number 0x5b
Syscall number 0x6
Syscall number 0x3
Syscall number 0x6
Syscall number 0x5b
Syscall number 0x3f
Syscall number 0x2d
Syscall number 0x5b
Syscall number 0x6
Syscall number 0x5b
Syscall number 0xb
Syscall number 0xc0
Syscall number 0x3f
Syscall number 0x4
Syscall number 0x5
Syscall number 0x66
Syscall number 0x66
Syscall number 0xc5
Firing timer event
Syscall number 0x5
Syscall number 0x66
Syscall number 0x6
Syscall number 0x5b
Syscall number 0x7d
Syscall number 0x78
Syscall number 0xdd
Syscall number 0xc0
Syscall number 0x5
Syscall number 0x5
Syscall number 0x66
Syscall number 0x6
Syscall number 0x5
Syscall number 0x3f
Syscall number 0x7
Syscall number 0x1b
Syscall number 0x8c
Syscall number 0xc3
Syscall number 0x3
Syscall number 0x6
Syscall number 0x25
Syscall number 0xc5
Syscall number 0xc0
Syscall number 0x3
Syscall number 0x55
Syscall number 0x6
Firing timer event
Syscall number 0x8c
Syscall number 0xc3
Syscall number 0xc5
Syscall number 0x66
Syscall number 0xc0
Syscall number 0xa8
Syscall number 0x3f
Syscall number 0x3f
Syscall number 0x3f
Syscall number 0x6
Syscall number 0xaf
Syscall number 0x8c
Syscall number 0x5b
Syscall number 0xc0
Syscall number 0x3
Syscall number 0x55
Syscall number 0x8d
Syscall number 0x66
Syscall number 0x5
Syscall number 0x5
Syscall number 0x8c
Syscall number 0x5
Syscall number 0x8c
Syscall number 0x8c
Syscall number 0x8c
Syscall number 0x8c
Syscall number 0xaf
Syscall number 0x61
Syscall number 0x5b
Syscall number 0x8c
Syscall number 0x4
Syscall number 0x77
Firing timer event
Syscall number 0x4
Syscall number 0x66
Syscall number 0xb
Syscall number 0x6
Syscall number 0x5b
Syscall number 0x135
Syscall number 0x2d
Syscall number 0x8d
Syscall number 0xaf
Syscall number 0x6
Syscall number 0x3
Syscall number 0x8c
Syscall number 0x4
Syscall number 0x2d
Syscall number 0x2d
Syscall number 0x3
Syscall number 0x3
Syscall number 0x6
Syscall number 0xc3
Syscall number 0x3
Syscall number 0xc5
Syscall number 0xc0
Syscall number 0x2d
Syscall number 0x6
Syscall number 0x5
Syscall number 0xc4
Syscall number 0x3
Syscall number 0x6
Syscall number 0x8d
Syscall number 0x6
Syscall number 0x8c
Syscall number 0xdd
Syscall number 0xc0
Syscall number 0x5
Syscall number 0x5
Syscall number 0x5
Firing timer event
Syscall number 0x5
Syscall number 0x5
Syscall number 0x5
Syscall number 0x66
Syscall number 0x8c
Syscall number 0x4
Syscall number 0x4
Syscall number 0xc3
Syscall number 0x7
Syscall number 0xc3
Syscall number 0x3f
Syscall number 0x61
Syscall number 0xc5
Syscall number 0xc0
Syscall number 0xb
Syscall number 0xc5
Syscall number 0xc0
Syscall number 0x5
Syscall number 0x8c
Syscall number 0x8c
Syscall number 0x8c
Syscall number 0xfc
Syscall number 0x5
Syscall number 0x5b
Syscall number 0x5
Syscall number 0x3
Syscall number 0x8c
Syscall number 0x3f
Syscall number 0x3f
Syscall number 0x6
Syscall number 0xaf
Syscall number 0x61
Syscall number 0x66
Firing timer event
Syscall number 0x8c
Syscall number 0x3
Syscall number 0x8c
Syscall number 0xb
Syscall number 0x53
Syscall number 0x8d
Syscall number 0x5b
Syscall number 0xfc
Syscall number 0x4
Syscall number 0x3
Syscall number 0x3
Syscall number 0xc5
Syscall number 0xc0
Syscall number 0x3
Syscall number 0x26
Syscall number 0x3f
Syscall number 0x3f
Syscall number 0x3f
Syscall number 0x6
Syscall number 0xaf
Syscall number 0xfc
Syscall number 0x8c
Syscall number 0x5
Syscall number 0x3
Firing timer event
Syscall number 0x8c
Syscall number 0xc3
Syscall number 0x6
Syscall number 0x66
Syscall number 0x8c
Syscall number 0x8c
Syscall number 0xc5
Syscall number 0x61
Syscall number 0xc5
Syscall number 0x3
Syscall number 0xc4
Syscall number 0x140
Syscall number 0xc5
Syscall number 0xc0
Syscall number 0x3
Syscall number 0x5
Syscall number 0xc0
Syscall number 0x5
Syscall number 0x4
Syscall number 0x66
Syscall number 0x5
Syscall number 0x1b
Syscall number 0x8c
Firing timer event
Syscall number 0x66
Syscall number 0x2d
Syscall number 0xc0
Syscall number 0x3
Syscall number 0x8c
Syscall number 0x8c
Syscall number 0x3
Syscall number 0xc4
Syscall number 0xc3
Syscall number 0x8c
Syscall number 0x5
Syscall number 0x5
Syscall number 0x3
Syscall number 0x6
Syscall number 0x3
Syscall number 0xc3
Syscall number 0x5
Syscall number 0x4
Syscall number 0x5
Syscall number 0x4
Syscall number 0x1b
Syscall number 0x5b
Firing timer event
Syscall number 0xf3
Syscall number 0x8c
Syscall number 0x53
Syscall number 0x5
Syscall number 0x3
Syscall number 0xb
Syscall number 0x3
Syscall number 0x7a
Syscall number 0x3
Syscall number 0x8c
Syscall number 0x6
Syscall number 0x5b
Syscall number 0xc5
Syscall number 0x3
Syscall number 0x3
Syscall number 0x6
Syscall number 0x5
Syscall number 0x6
Syscall number 0x8c
Syscall number 0x8c
Syscall number 0x1b
Syscall number 0xc5
Syscall number 0xc0
Syscall number 0x3
Syscall number 0xc3
Syscall number 0xc0
Syscall number 0x5b
Syscall number 0x3
Syscall number 0x2d
Syscall number 0x5
Syscall number 0x3
Syscall number 0x5
Syscall number 0xc5
Firing timer event
Syscall number 0x5
Syscall number 0xc0
Syscall number 0x8c
Syscall number 0x3
Syscall number 0x6
Syscall number 0x8d
Syscall number 0x6
Syscall number 0x5
Syscall number 0x3
Syscall number 0x5
Syscall number 0xc5
Syscall number 0xc0
Syscall number 0x3
Syscall number 0x5
Syscall number 0x5b
Syscall number 0x7d
Syscall number 0x1b
Syscall number 0x8c
Syscall number 0xc0
Syscall number 0x3
Syscall number 0xdd
Syscall number 0x6
Syscall number 0x5b
Syscall number 0xc5
Syscall number 0x6
Syscall number 0x5
Syscall number 0xc5
Syscall number 0xc0
Syscall number 0x5
Syscall number 0x6
Syscall number 0x5b
Syscall number 0x5
Syscall number 0xc0
Syscall number 0xc5
Syscall number 0x5
Syscall number 0xc5
Syscall number 0xc0
Syscall number 0x3
Syscall number 0xc0
Firing timer event
Syscall number 0x6
Syscall number 0x5
Syscall number 0x66
Syscall number 0x3
Syscall number 0xc3
Syscall number 0x3
Syscall number 0x5
Syscall number 0x3
Syscall number 0x8c
Syscall number 0x66
Syscall number 0xc5
Syscall number 0xc0
Syscall number 0x6
Syscall number 0x5b
Syscall number 0xc5
Syscall number 0xc0
Syscall number 0x3
Syscall number 0x5b
Syscall number 0x3
Syscall number 0x8c
Syscall number 0x8c
Syscall number 0x5b
Syscall number 0x5
Syscall number 0xdd
Syscall number 0x5
Syscall number 0x3
Syscall number 0x6
Syscall number 0x66
Syscall number 0xfc
Syscall number 0x135
Syscall number 0xc5
Syscall number 0xc0
Syscall number 0x3
Syscall number 0xdd
Syscall number 0x8c
Firing timer event
Syscall number 0x5
Syscall number 0x5b
Syscall number 0x5b
Syscall number 0x66
Syscall number 0x3
Syscall number 0x8c
Syscall number 0xa8
Syscall number 0x3
Syscall number 0x5
Syscall number 0xa2
Syscall number 0x66
Syscall number 0x135
Syscall number 0x66
Syscall number 0x8d
Syscall number 0x3
Syscall number 0x66
Syscall number 0x6
Syscall number 0x8c
Syscall number 0x5
Syscall number 0x6
Syscall number 0x1b
Syscall number 0xc0
Syscall number 0xc3
Syscall number 0xc5
Syscall number 0x6
Syscall number 0x5b
Syscall number 0x8c
Syscall number 0x1b
Syscall number 0xc5
Syscall number 0xc0
Firing timer event
Syscall number 0x8c
Syscall number 0x3
Syscall number 0x5
Syscall number 0x5
Syscall number 0x8d
Syscall number 0x5b
Syscall number 0x55
Syscall number 0xdd
Syscall number 0x8c
Syscall number 0x8c
Syscall number 0x8d
Syscall number 0xc5
Syscall number 0x6
Syscall number 0x4
Syscall number 0xc3
Syscall number 0x55
Syscall number 0x3
Syscall number 0x5
Syscall number 0x5
Syscall number 0x3
Syscall number 0x8d
Syscall number 0x5b
Syscall number 0xc0
Syscall number 0x3
Syscall number 0x8c
Syscall number 0x66
Syscall number 0xc0
Syscall number 0x5
Syscall number 0x8c
Syscall number 0x8c
Syscall number 0xc5
Syscall number 0x3
Syscall number 0x66
Syscall number 0x8c
Syscall number 0x4
Firing timer event
Syscall number 0x66
Syscall number 0x3
Syscall number 0x66
Syscall number 0x2d
Syscall number 0x66
Syscall number 0x3
Syscall number 0x8c
Syscall number 0x66
Syscall number 0x3
Syscall number 0xc3
Syscall number 0x6
Syscall number 0xc5
Syscall number 0xc0
Syscall number 0x3
Syscall number 0x3
Syscall number 0xc0
Syscall number 0xc5
Syscall number 0xc4
Syscall number 0x8c
Syscall number 0x4
Syscall number 0x8c
Syscall number 0x8c
Syscall number 0x8c
Syscall number 0x8c
Syscall number 0x8c
Syscall number 0x8c
Syscall number 0x8c
Syscall number 0x5
Syscall number 0x21
Syscall number 0x66
Syscall number 0xc5
Syscall number 0x8c
Syscall number 0x3
Syscall number 0xc0
Syscall number 0x3
Syscall number 0x8c
Syscall number 0x6
Syscall number 0x8c
Syscall number 0x135
Syscall number 0xc0
Syscall number 0x3
Syscall number 0x8c
Syscall number 0xc3
Syscall number 0x5
Syscall number 0x5b
Syscall number 0x6
Syscall number 0x5b
Syscall number 0x4
Syscall number 0x2d
Firing timer event
Syscall number 0x3
Syscall number 0x6
Syscall number 0x5b
Syscall number 0x8d
Syscall number 0x4
Syscall number 0x3
Syscall number 0x3
Syscall number 0x5
Syscall number 0xc3
Syscall number 0x3
Syscall number 0x6
Syscall number 0xfc
Syscall number 0x3
Syscall number 0x5b
Syscall number 0x5
Syscall number 0x8c
Syscall number 0x6
Syscall number 0x5
Syscall number 0xc3
Syscall number 0x5
Syscall number 0x21
Syscall number 0x5b
Syscall number 0x8d
Syscall number 0x5
Syscall number 0xc5
Syscall number 0x6
Syscall number 0x66
Syscall number 0x66
Syscall number 0x3
Syscall number 0x6
Syscall number 0x5b
Syscall number 0xc3
Syscall number 0xc3
Syscall number 0x6
Syscall number 0xc0
Syscall number 0x3
Firing timer event
Syscall number 0x135
Syscall number 0x6
Syscall number 0x5b
Syscall number 0x8d
Syscall number 0x53
Syscall number 0x5
Syscall number 0x3
Syscall number 0x5
Syscall number 0x7d
Syscall number 0x3
Syscall number 0x3
Syscall number 0x5b
Syscall number 0x8c
Syscall number 0x8d
Syscall number 0xc5
Syscall number 0xc0
Syscall number 0x3
Syscall number 0xc5
Syscall number 0xc0
Syscall number 0x3
Syscall number 0x3
Syscall number 0x6
Syscall number 0x5
Syscall number 0x2d
Syscall number 0x21
Syscall number 0x5
Syscall number 0x8c
Syscall number 0x1b
Syscall number 0x5b
Syscall number 0x5
Syscall number 0x8c
Syscall number 0x66
Syscall number 0x66
Syscall number 0xc0
Syscall number 0x5
Syscall number 0x4
Syscall number 0xc3
Firing timer event
Syscall number 0xc5
Syscall number 0xc0
Syscall number 0xc0
Syscall number 0x8c
Syscall number 0x26
Syscall number 0x5
Syscall number 0x3
Syscall number 0x21
Syscall number 0x5
Syscall number 0xc0
Syscall number 0x6
Syscall number 0x5
Syscall number 0x3
Syscall number 0x3
Syscall number 0x2d
Syscall number 0x6
Syscall number 0xc5
Syscall number 0x5
Syscall number 0x5
Syscall number 0xc5
Syscall number 0xc0
Syscall number 0x7d
Syscall number 0xa2
Syscall number 0x8c
Syscall number 0x3
Syscall number 0x21
Syscall number 0x6
Syscall number 0x5b
Syscall number 0x5
Syscall number 0x2d
Syscall number 0x5
Syscall number 0x8c
Syscall number 0x8c
Syscall number 0x3
Syscall number 0x6
Syscall number 0x21
Firing timer event
Syscall number 0x5
Syscall number 0xc0
Syscall number 0x3
Syscall number 0xf3
Syscall number 0xc5
Syscall number 0xc0
Syscall number 0x3
Syscall number 0xc5
Syscall number 0xc0
Syscall number 0x3
Syscall number 0x2d
Syscall number 0xc5
Syscall number 0x3
Syscall number 0x5
Syscall number 0x3
Syscall number 0xc4
Syscall number 0x140
Syscall number 0xc5
Syscall number 0x3
Syscall number 0x6
Syscall number 0xc0
Syscall number 0x8c
Syscall number 0x3
Syscall number 0x6
Syscall number 0x5b
Syscall number 0x8c
Syscall number 0xc0
Syscall number 0x5
Syscall number 0xc0
Syscall number 0x5b
Syscall number 0x3
Syscall number 0x6
Syscall number 0x5b
Syscall number 0x3
Syscall number 0xc0
Syscall number 0x3
Syscall number 0x5b
Syscall number 0x21
Syscall number 0xc3
Syscall number 0x5
Syscall number 0xc4
Firing timer event
Syscall number 0x6
Syscall number 0xc5
Syscall number 0x3
Syscall number 0xc5
Syscall number 0x3
Syscall number 0x8c
Syscall number 0x6
Syscall number 0xc5
Syscall number 0x21
Syscall number 0xc3
Syscall number 0x6
Syscall number 0x5b
Syscall number 0xc0
Syscall number 0x135
Syscall number 0x66
Syscall number 0xc3
Syscall number 0xc0
Syscall number 0xc3
Syscall number 0x53
Syscall number 0x5b
Syscall number 0x4
Syscall number 0x8c
Syscall number 0x6
Syscall number 0x5
Syscall number 0x5
Syscall number 0x8c
Syscall number 0x8c
Syscall number 0x5
Syscall number 0x3
Syscall number 0x6
Syscall number 0x66
Syscall number 0xa8
Syscall number 0x66
Syscall number 0x8c
Syscall number 0x5b
Syscall number 0xc0
Syscall number 0x1b
Syscall number 0x5b
Syscall number 0x3
Syscall number 0xf3
Firing timer event
Syscall number 0x4
Syscall number 0x5b
Syscall number 0x5
Syscall number 0x66
Syscall number 0x66
Syscall number 0x1b
Syscall number 0x55
Syscall number 0xc0
Syscall number 0x3
Syscall number 0xc5
Syscall number 0x5
Syscall number 0xc5
Syscall number 0x8c
Syscall number 0x5
Syscall number 0xc0
Syscall number 0xc3
Syscall number 0xc5
Syscall number 0x5
Syscall number 0x66
Syscall number 0x3
Syscall number 0x8c
Syscall number 0x4
Syscall number 0x8c
Syscall number 0x8c
Syscall number 0x8c
Syscall number 0x3
Syscall number 0x5
Firing timer event
Syscall number 0x5
Syscall number 0x8c
Syscall number 0x8c
Syscall number 0x5
Syscall number 0x5
Syscall number 0xc5
Syscall number 0x8c
Syscall number 0x3
Syscall number 0xc0
Syscall number 0xc0
Syscall number 0xc0
Syscall number 0x3
Syscall number 0x8c
Syscall number 0x66
Syscall number 0xc5
Syscall number 0xc0
Syscall number 0x3
Syscall number 0x5
Syscall number 0xc5
Syscall number 0xc0
Syscall number 0x3
Syscall number 0x3
Syscall number 0xc0
Syscall number 0x3
Syscall number 0xc3
Syscall number 0x5
Syscall number 0x5
Syscall number 0x3
Syscall number 0x6
Syscall number 0x3
Syscall number 0xc5
Syscall number 0x135
Syscall number 0x55
Syscall number 0x5b
Syscall number 0xc3
Syscall number 0x6
Syscall number 0xc3
Syscall number 0xfc
Syscall number 0x66
Firing timer event
Syscall number 0xc0
Syscall number 0xc4
Syscall number 0x5b
Syscall number 0x5
Syscall number 0x8c
Syscall number 0x8c
Syscall number 0x5
Syscall number 0x21
Syscall number 0x66
Syscall number 0xc5
Syscall number 0x3
Syscall number 0x8c
Syscall number 0x8c
Syscall number 0x8c
Syscall number 0x8c
Syscall number 0x66
Syscall number 0xc3
Syscall number 0x3
Syscall number 0x3
Syscall number 0x6
Syscall number 0x21
Syscall number 0x135
Syscall number 0x66
Syscall number 0xa8
Syscall number 0x66
Syscall number 0x8c
Syscall number 0x8c
Syscall number 0x8c
Syscall number 0x5
Syscall number 0x5
Syscall number 0x8c
Syscall number 0x4
Syscall number 0x3
Syscall number 0xc5
Syscall number 0x66
Syscall number 0x8c
Syscall number 0x8c
Syscall number 0xc5
Syscall number 0xc0
Syscall number 0x3
Syscall number 0xc3
Syscall number 0x4
Firing timer event
Syscall number 0x3
Syscall number 0x3
Syscall number 0x7a
Syscall number 0x8c
Syscall number 0x8c
Syscall number 0x4
Syscall number 0x8c
Syscall number 0x5
Syscall number 0xc3
Syscall number 0x5
Syscall number 0x3
Syscall number 0x6
Syscall number 0xc0
Syscall number 0x3
Syscall number 0x6
Syscall number 0xc3
Syscall number 0xc3
Syscall number 0x5
Syscall number 0x66
Syscall number 0x3
Syscall number 0xc0
Syscall number 0x5b
Syscall number 0x66
Syscall number 0x8c
Syscall number 0x5b
Syscall number 0x8c
Syscall number 0xc3
Syscall number 0xc3
Syscall number 0x8c
Syscall number 0x3
Syscall number 0x6
Syscall number 0x1b
Syscall number 0x7d
Syscall number 0x53
Syscall number 0x3
Syscall number 0x5
Syscall number 0x5
Syscall number 0x6
Syscall number 0x5b
Firing timer event
Syscall number 0x5
Syscall number 0x5b
Syscall number 0x3
Syscall number 0xc0
Syscall number 0x5
Syscall number 0x5
Syscall number 0x55
Syscall number 0x5b
Syscall number 0xa2
Syscall number 0x8c
Syscall number 0x8c
Syscall number 0xc3
Syscall number 0xc5
Syscall number 0xc0
Syscall number 0x3
Syscall number 0x6
Syscall number 0x5
Syscall number 0x3
Syscall number 0x26
Syscall number 0x21
Syscall number 0x5
Syscall number 0xc3
Syscall number 0x8c
Syscall number 0x1b
Syscall number 0x5b
Syscall number 0x3
Syscall number 0x3
Syscall number 0x3
Firing timer event
Syscall number 0xc5
Syscall number 0x55
Syscall number 0x4
Syscall number 0xc4
Syscall number 0x8c
Syscall number 0x8c
Syscall number 0x5
Syscall number 0x5
Syscall number 0xc0
Syscall number 0xc3
Syscall number 0xc5
Syscall number 0x140
Syscall number 0x5
Syscall number 0xc5
Syscall number 0xc3
Syscall number 0x8c
Syscall number 0x6
Syscall number 0x8c
Syscall number 0xc4
Syscall number 0x5
Syscall number 0xc5
Syscall number 0x3
Syscall number 0x3
Syscall number 0xc0
Syscall number 0x3
Syscall number 0x8c
Syscall number 0x3
Syscall number 0x8c
Syscall number 0x8c
Syscall number 0xc0
Syscall number 0x5
Firing timer event
Syscall number 0x5
Syscall number 0x5
Syscall number 0xc3
Syscall number 0x53
Syscall number 0x3
Syscall number 0x5
Syscall number 0xc5
Syscall number 0xc4
Syscall number 0x3
Syscall number 0xc5
Syscall number 0xfc
Syscall number 0x8c
Syscall number 0x5b
Syscall number 0x5
Syscall number 0xc3
Syscall number 0x5
Syscall number 0x1b
Syscall number 0x8c
Syscall number 0x3
Syscall number 0xc3
Syscall number 0x5
Syscall number 0xc0
Syscall number 0x3
Syscall number 0xc3
Syscall number 0x5
Syscall number 0x5
Syscall number 0x7d
Syscall number 0x8c
Syscall number 0x8c
Syscall number 0x8c
Syscall number 0x8c
Syscall number 0x6
Syscall number 0xc0
Syscall number 0x3
Syscall number 0x5
Syscall number 0x3
Syscall number 0xc3
Syscall number 0x3
Syscall number 0x6
Syscall number 0x5b
Syscall number 0x6
Syscall number 0x5b
Syscall number 0x3
Syscall number 0x6
Firing timer event
Syscall number 0x3
Syscall number 0x5
Syscall number 0xc3
Syscall number 0x5
Syscall number 0x3
Syscall number 0x5
Syscall number 0xc3
Syscall number 0x3
Syscall number 0x5b
Syscall number 0x8c
Syscall number 0x8c
Syscall number 0x8c
Syscall number 0x8c
Syscall number 0x66
Syscall number 0x66
Syscall number 0x1b
Syscall number 0x55
Syscall number 0xc3
Syscall number 0x5
Syscall number 0x6
Syscall number 0xc5
Syscall number 0xc3
Syscall number 0x6
Syscall number 0x5b
Syscall number 0xc3
Syscall number 0x8c
Syscall number 0xc5
Syscall number 0xc0
Syscall number 0x5b
Syscall number 0x8c
Syscall number 0x8c
Syscall number 0x3
Syscall number 0xc0
Syscall number 0x5b
Syscall number 0x3
Syscall number 0x5
Syscall number 0xa8
Syscall number 0xc0
Syscall number 0x66
Syscall number 0x8c
Syscall number 0x53
Syscall number 0x66
Syscall number 0xc3
Firing timer event
Syscall number 0x3
Syscall number 0x66
Syscall number 0x8c
Syscall number 0x3
Syscall number 0xc5
Syscall number 0xc0
Syscall number 0x8c
Syscall number 0x8c
Syscall number 0x8c
Syscall number 0x8c
Syscall number 0x8c
Syscall number 0xc0
Syscall number 0x3
Syscall number 0x8c
Syscall number 0x5
Syscall number 0x26
Syscall number 0x5
Syscall number 0x6
Syscall number 0x5b
Syscall number 0xc5
Syscall number 0x5
Syscall number 0x5
Syscall number 0x3
Syscall number 0x6
Syscall number 0x3
Syscall number 0x3
Syscall number 0x55
Syscall number 0xc0
Syscall number 0x3
Syscall number 0x6
Syscall number 0x135
Syscall number 0xc3
Syscall number 0x7d
Syscall number 0x8c
Syscall number 0xc3
Syscall number 0x6
Firing timer event
Syscall number 0x5b
Syscall number 0x8c
Syscall number 0x8c
Syscall number 0x8c
Syscall number 0xc4
Syscall number 0x4
Syscall number 0x4
Syscall number 0x8c
Syscall number 0x5b
Syscall number 0x3
Syscall number 0xc3
Syscall number 0x5
Syscall number 0xc3
Syscall number 0xdd
Syscall number 0x5b
Syscall number 0x21
Syscall number 0x1b
Syscall number 0x6
Syscall number 0x5
Syscall number 0x3
Syscall number 0x5
Syscall number 0x8c
Syscall number 0x8c
Syscall number 0x8c
Syscall number 0x6
Syscall number 0x8c
Syscall number 0x4
Syscall number 0x5
Syscall number 0x8d
Syscall number 0x5
Syscall number 0x66
Syscall number 0xc3
Syscall number 0x5
Syscall number 0x6
Syscall number 0xc3
Firing timer event
Syscall number 0x8c
Syscall number 0x5
Syscall number 0x3
Syscall number 0x5
Syscall number 0x5
Syscall number 0x8c
Syscall number 0xa2
Syscall number 0xc5
Syscall number 0xc0
Syscall number 0x5
Syscall number 0xc3
Syscall number 0x53
Syscall number 0x7d
Syscall number 0x5b
Syscall number 0x8c
Syscall number 0xc3
Syscall number 0xc5
Syscall number 0xc0
Syscall number 0xc5
Syscall number 0xc0
Syscall number 0x3
Syscall number 0x5
Syscall number 0xc3
Syscall number 0x5
Syscall number 0xc5
Syscall number 0x3
Syscall number 0x3
Syscall number 0x26
Syscall number 0xfc
Syscall number 0x5
Syscall number 0xc3
Syscall number 0x5
Syscall number 0xc5
Firing timer event
Syscall number 0x8c
Syscall number 0x8c
Syscall number 0x8c
Syscall number 0x5
Syscall number 0x5b
Syscall number 0xc0
Syscall number 0x3
Syscall number 0x66
Syscall number 0xc3
Syscall number 0xc3
Syscall number 0x3
Syscall number 0x6
Syscall number 0x3
Syscall number 0xc4
Syscall number 0x5
Syscall number 0x8c
Syscall number 0x5
Syscall number 0xc3
Syscall number 0x8c
Syscall number 0x3
Syscall number 0xc0
Syscall number 0x3
Syscall number 0x5b
Syscall number 0x5
Syscall number 0xc3
Syscall number 0x5
Syscall number 0x8c
Syscall number 0x8c
Syscall number 0x8c
Syscall number 0x8c
Syscall number 0x2d
Syscall number 0x3
Syscall number 0x6
Syscall number 0xc4
Syscall number 0x66
Syscall number 0x5b
Syscall number 0x3
Syscall number 0x8c
Syscall number 0x8c
Syscall number 0x140
Firing timer event
Syscall number 0x3
Syscall number 0x5
Syscall number 0x140
Syscall number 0xa8
Syscall number 0xc4
Syscall number 0x66
Syscall number 0x8c
Syscall number 0x8c
Syscall number 0x8c
Syscall number 0x8c
Syscall number 0x8c
Syscall number 0xc4
Syscall number 0xc3
Syscall number 0xc3
Syscall number 0x66
Syscall number 0xc3
Syscall number 0x135
Syscall number 0x8c
Syscall number 0x5
Syscall number 0xc3
Syscall number 0xc3
Syscall number 0xc3
Syscall number 0x3
Syscall number 0x5
Syscall number 0x5
Syscall number 0x2d
Syscall number 0x8c
Syscall number 0x1b
Syscall number 0x4
Syscall number 0x5
Syscall number 0x5
Syscall number 0xc3
Syscall number 0x5
Syscall number 0x5
Syscall number 0x8c
Syscall number 0x66
Syscall number 0x55
Syscall number 0x5
Firing timer event
Syscall number 0x5
Syscall number 0x5
Syscall number 0x53
Syscall number 0x66
Syscall number 0x8c
Syscall number 0x8c
Syscall number 0xc3
Syscall number 0x7d
Syscall number 0x53
Syscall number 0x4
Syscall number 0x3
Syscall number 0xc3
Syscall number 0xfc
Syscall number 0x8c
Syscall number 0x3
Syscall number 0xc3
Syscall number 0x1b
Syscall number 0x8c
Syscall number 0x3
Syscall number 0x4
Syscall number 0xc5
Syscall number 0xc0
Syscall number 0x5
Syscall number 0x8c
Syscall number 0x6
Syscall number 0x5b
Syscall number 0xc3
Syscall number 0x6
Syscall number 0x66
Syscall number 0xc3
Syscall number 0x5
Syscall number 0x66
Syscall number 0x1b
Syscall number 0x8c
Firing timer event
Syscall number 0xc5
Syscall number 0x8d
Syscall number 0x1b
Syscall number 0x5
Syscall number 0x3
Syscall number 0x3
Syscall number 0xc3
Syscall number 0x5
Syscall number 0x5
Syscall number 0x3
Syscall number 0x66
Syscall number 0x3
Syscall number 0x6
Syscall number 0xc5
Syscall number 0x8c
Syscall number 0x8c
Syscall number 0x8c
Syscall number 0x5
Syscall number 0x5b
Syscall number 0x135
Syscall number 0x6
Syscall number 0x1b
Syscall number 0xc5
Syscall number 0xc0
Syscall number 0x3
Syscall number 0x3
Syscall number 0x8c
Syscall number 0x8c
Syscall number 0x8c
Syscall number 0x8c
Syscall number 0x6
Syscall number 0xc3
Syscall number 0x5b
Syscall number 0x4
Syscall number 0x5
Syscall number 0xc5
Syscall number 0xc0
Syscall number 0x3
Syscall number 0xc3
Syscall number 0x5
Syscall number 0xc0
Syscall number 0x3
Syscall number 0x6
Syscall number 0xc0
Syscall number 0x5
Syscall number 0x5b
Syscall number 0x5
Firing timer event
Syscall number 0xc0
Syscall number 0x3
Syscall number 0xc3
Syscall number 0x5
Syscall number 0x5b
Syscall number 0x5
Syscall number 0xc3
Syscall number 0x5
Syscall number 0x5
Syscall number 0xc5
Syscall number 0x6
Syscall number 0x55
Syscall number 0xc0
Syscall number 0xc5
Syscall number 0xc0
Syscall number 0x3
Syscall number 0x3
Syscall number 0x8c
Syscall number 0xc3
Syscall number 0x5
Syscall number 0x5b
Syscall number 0xc3
Syscall number 0x5
Syscall number 0x5
Syscall number 0x8c
Syscall number 0x3
Syscall number 0x6
Syscall number 0x5b
Syscall number 0x5
Syscall number 0x66
Syscall number 0x8c
Syscall number 0x5
Syscall number 0xc5
Syscall number 0xc0
Syscall number 0x3
Syscall number 0xc3
Syscall number 0xc3
Syscall number 0x66
Syscall number 0x135
Syscall number 0xc3
Syscall number 0x5
Syscall number 0x8c
Syscall number 0x8c
Syscall number 0x3
Syscall number 0x6
Syscall number 0x5b
Syscall number 0xc5
Syscall number 0x5
Firing timer event
Syscall number 0xfc
Syscall number 0x3
Syscall number 0x5
Syscall number 0x8c
Syscall number 0x8c
Syscall number 0x5
Syscall number 0xc4
Syscall number 0x3
Syscall number 0x6
Syscall number 0x8c
Syscall number 0x66
Syscall number 0x66
Syscall number 0x3
Syscall number 0x8c
Syscall number 0x8c
Syscall number 0xc3
Syscall number 0x3
Syscall number 0x6
Syscall number 0x3
Syscall number 0x5
Syscall number 0xc0
Syscall number 0x66
Syscall number 0x1b
Syscall number 0x55
Syscall number 0x5
Syscall number 0x5
Syscall number 0x3
Syscall number 0xc3
Syscall number 0x5b
Syscall number 0x3
Syscall number 0x3
Syscall number 0xc5
Syscall number 0x5b
Syscall number 0x66
Syscall number 0x5
Syscall number 0xa8
Syscall number 0x66
Syscall number 0xc3
Syscall number 0x3
Firing timer event
Syscall number 0x8c
Syscall number 0x6
Syscall number 0x5b
Syscall number 0x66
Syscall number 0xc3
Syscall number 0xc3
Syscall number 0xf3
Syscall number 0x3
Syscall number 0x5
Syscall number 0x8c
Syscall number 0x6
Syscall number 0xc0
Syscall number 0x3
Syscall number 0x66
Syscall number 0x3
Syscall number 0xc5
Syscall number 0xc3
Syscall number 0x5
Syscall number 0xc5
Syscall number 0xc0
Syscall number 0x3
Syscall number 0x3
Syscall number 0x53
Syscall number 0xc3
Syscall number 0xc3
Syscall number 0x4
Syscall number 0x8c
Syscall number 0x8c
Syscall number 0xc3
Syscall number 0x5
Syscall number 0xa2
Syscall number 0x135
Syscall number 0x5
Syscall number 0xc3
Syscall number 0xc5
Syscall number 0xc0
Syscall number 0x3
Syscall number 0x66
Syscall number 0x6
Syscall number 0x7a
Syscall number 0x8c
Syscall number 0x8c
Syscall number 0x8c
Syscall number 0x8c
Syscall number 0x6
Syscall number 0x5b
Syscall number 0x26
Syscall number 0x8c
Syscall number 0x4
Firing timer event
Syscall number 0x1b
Syscall number 0x8c
Syscall number 0x8c
Syscall number 0x8c
Syscall number 0x5
Syscall number 0x8c
Syscall number 0x8c
Syscall number 0x8c
Syscall number 0xc3
Syscall number 0x66
Syscall number 0x5
Syscall number 0x5b
Syscall number 0x8c
Syscall number 0x5
Syscall number 0x55
Syscall number 0xc0
Syscall number 0x8c
Syscall number 0x3
Syscall number 0x5
Syscall number 0x66
Syscall number 0x8c
Syscall number 0x5
Syscall number 0x3
Syscall number 0x6
Syscall number 0x135
Syscall number 0x5
Syscall number 0xc5
Syscall number 0xc0
Syscall number 0x3
Syscall number 0xc3
Syscall number 0x5
Syscall number 0xc3
Syscall number 0x5
Syscall number 0x3
Syscall number 0x8c
Syscall number 0x4
Syscall number 0x5b
Syscall number 0xc4
Syscall number 0x7d
Syscall number 0x66
Syscall number 0x3
Syscall number 0xc5
Syscall number 0x8c
Syscall number 0x8c
Syscall number 0x8c
Syscall number 0x8c
Firing timer event
Syscall number 0xc3
Syscall number 0xc5
Syscall number 0x5
Syscall number 0x8c
Syscall number 0x3
Syscall number 0x5b
Syscall number 0xc0
Syscall number 0x3
Syscall number 0x5
Syscall number 0x8c
Syscall number 0x8c
Syscall number 0xc0
Syscall number 0x3
Syscall number 0x8c
Syscall number 0x4
Syscall number 0x8c
Syscall number 0x66
Syscall number 0x5
Syscall number 0x3
Syscall number 0x8c
Syscall number 0xc4
Syscall number 0xc5
Syscall number 0x5
Syscall number 0xc5
Syscall number 0xfc
Syscall number 0x8c
Syscall number 0x6
Syscall number 0xc3
Syscall number 0xc3
Syscall number 0x5
Syscall number 0x8c
Syscall number 0x4
Syscall number 0x8c
Syscall number 0x8c
Syscall number 0x8c
Syscall number 0x8c
Syscall number 0xc5
Syscall number 0xc0
Syscall number 0xc0
Syscall number 0xc5
Syscall number 0x5
Syscall number 0x5
Syscall number 0xc3
Syscall number 0x5b
Syscall number 0xc3
Firing timer event
Syscall number 0x7d
Syscall number 0xc0
Syscall number 0xc0
Syscall number 0x3
Syscall number 0xc3
Syscall number 0x5
Syscall number 0x53
Syscall number 0xc0
Syscall number 0x5
Syscall number 0x8c
Syscall number 0x8c
Syscall number 0xc3
Syscall number 0x8c
Syscall number 0x8c
Syscall number 0x8c
Syscall number 0x6
Syscall number 0xc0
Syscall number 0x3
Syscall number 0x3
Syscall number 0xc3
Syscall number 0x140
Syscall number 0xc0
Syscall number 0x5
Syscall number 0xc4
Syscall number 0x5b
Syscall number 0x5
Syscall number 0x3
Syscall number 0x6
Syscall number 0x8c
Syscall number 0x8c
Syscall number 0x8c
Syscall number 0x8c
Syscall number 0x8c
Syscall number 0x26
Syscall number 0x3
Syscall number 0xc3
Syscall number 0x5
Syscall number 0xc3
Syscall number 0x5
Syscall number 0xc5
Syscall number 0x7d
Syscall number 0x66
Syscall number 0x3
Syscall number 0x6
Syscall number 0x5b
Syscall number 0x53
Syscall number 0x5b
Syscall number 0x8c
Syscall number 0x8c
Syscall number 0x8c
Syscall number 0x8c
Syscall number 0x3
Syscall number 0xc3
Syscall number 0x4
Firing timer event
Syscall number 0xc3
Syscall number 0x5
Syscall number 0xc4
Syscall number 0x8c
Syscall number 0x4
Syscall number 0x3
Syscall number 0x1b
Syscall number 0xc0
Syscall number 0x8c
Syscall number 0x140
Syscall number 0x8c
Syscall number 0x3
Syscall number 0x5
Syscall number 0xc3
Syscall number 0x5
Syscall number 0x3
Syscall number 0x135
Syscall number 0x6
Syscall number 0x5b
Syscall number 0x5
Syscall number 0x8c
Syscall number 0x8c
Syscall number 0x6
Syscall number 0x5
Syscall number 0x6
Syscall number 0x5b
Syscall number 0xc3
Syscall number 0xc3
Syscall number 0x5
Syscall number 0x66
Syscall number 0xc0
Syscall number 0x5b
Syscall number 0xc3
Syscall number 0x5
Syscall number 0xc5
Syscall number 0xc0
Syscall number 0x3
Syscall number 0xc5
Syscall number 0x6
Syscall number 0xc4
Syscall number 0x8c
Syscall number 0x5
Syscall number 0xc3
Syscall number 0x5
Syscall number 0x7a
Syscall number 0x66
Syscall number 0x1b
Syscall number 0xc0
Syscall number 0x6
Syscall number 0x3
Syscall number 0x8c
Syscall number 0x8c
Syscall number 0x8c
Syscall number 0x8c
Syscall number 0x8c
Firing timer event
Syscall number 0xc0
Syscall number 0x3
Syscall number 0x8c
Syscall number 0x8c
Syscall number 0x8c
Syscall number 0x8c
Syscall number 0x6
Syscall number 0xc3
Syscall number 0x5
Syscall number 0xc3
Syscall number 0x5
Syscall number 0xa2
Syscall number 0x6
Syscall number 0x53
Syscall number 0x5b
Syscall number 0x3
Syscall number 0x66
Syscall number 0x5
Syscall number 0xc5
Syscall number 0xc0
Syscall number 0x8c
Syscall number 0x8c
Syscall number 0x8c
Syscall number 0x5b
Syscall number 0x3
Syscall number 0xc3
Syscall number 0x3
Syscall number 0xc3
Syscall number 0x6
Syscall number 0x5b
Syscall number 0x5
Syscall number 0xc0
Syscall number 0x5
Syscall number 0x1b
Syscall number 0x6
Syscall number 0x8c
Syscall number 0x4
Syscall number 0xc5
Syscall number 0x3
Syscall number 0x5b
Syscall number 0x5
Syscall number 0xfc
Syscall number 0x6
Syscall number 0xc0
Syscall number 0x8c
Syscall number 0x8c
Firing timer event
Syscall number 0x5
Syscall number 0xc0
Syscall number 0x3
Syscall number 0x66
Syscall number 0x5
Syscall number 0xc5
Syscall number 0xc0
Syscall number 0x3
Syscall number 0x5
Syscall number 0x5
Syscall number 0x66
Syscall number 0x5
Syscall number 0x4
Syscall number 0x5
Syscall number 0xc3
Syscall number 0x3
Syscall number 0x66
Syscall number 0x6
Syscall number 0xc3
Syscall number 0xc5
Syscall number 0x8c
Syscall number 0xf3
Syscall number 0xc5
Syscall number 0xc0
Syscall number 0x3
Syscall number 0x5b
Syscall number 0x5
Syscall number 0x8c
Syscall number 0x135
Syscall number 0x5
Syscall number 0xc3
Syscall number 0xdd
Syscall number 0xc0
Syscall number 0x5
Syscall number 0xf3
Syscall number 0x66
Syscall number 0x66
Syscall number 0x6
Syscall number 0x5
Syscall number 0x3
Firing timer event
Syscall number 0x8c
Syscall number 0x7d
Syscall number 0xc5
Syscall number 0xc3
Syscall number 0x5
Syscall number 0xc5
Syscall number 0xc0
Syscall number 0x3
Syscall number 0x5b
Syscall number 0x135
Syscall number 0x5
Syscall number 0xc0
Syscall number 0x3
Syscall number 0x3
Syscall number 0x6
Syscall number 0x3
Syscall number 0x1b
Syscall number 0x5
Syscall number 0x6
Syscall number 0xc0
Syscall number 0x5
Syscall number 0x135
Syscall number 0x8d
Syscall number 0x5
Syscall number 0xc5
Syscall number 0x4
Syscall number 0x3
Syscall number 0xc3
Syscall number 0x5
Syscall number 0xc0
Syscall number 0xc3
Syscall number 0x5b
Syscall number 0x5b
Syscall number 0xc5
Syscall number 0xc5
Syscall number 0xc0
Firing timer event
Syscall number 0x7d
Syscall number 0x66
Syscall number 0x66
Syscall number 0xc5
Syscall number 0xc0
Syscall number 0x3
Syscall number 0x6
Syscall number 0x3
Syscall number 0xc0
Syscall number 0xc0
Syscall number 0x3
Syscall number 0xa8
Syscall number 0x5
Syscall number 0x6
Syscall number 0x5b
Syscall number 0xc0
Syscall number 0x3
Syscall number 0x66
Syscall number 0x5b
Syscall number 0x3
Syscall number 0x7d
Syscall number 0x8c
Syscall number 0x4
Syscall number 0x4
Syscall number 0x8c
Syscall number 0x6
Syscall number 0xc5
Syscall number 0x66
Syscall number 0x66
Syscall number 0x135
Syscall number 0x3
Syscall number 0x66
Syscall number 0xc3
Syscall number 0x3
Syscall number 0xc5
Syscall number 0x5b
Syscall number 0x5
Syscall number 0x5
Syscall number 0xfc
Syscall number 0x3
Syscall number 0x6
Firing timer event
Syscall number 0xc0
Syscall number 0xfc
Syscall number 0x5
Syscall number 0x5
Syscall number 0x8c
Syscall number 0x3
Syscall number 0x1b
Syscall number 0x55
Syscall number 0xfc
Syscall number 0x8c
Syscall number 0x3
Syscall number 0x3
Syscall number 0xc3
Syscall number 0x4
Syscall number 0xc3
Syscall number 0x5b
Syscall number 0x8c
Syscall number 0x55
Syscall number 0x6
Syscall number 0xc5
Syscall number 0xc0
Syscall number 0x3
Syscall number 0x6
Syscall number 0x5
Syscall number 0x66
Syscall number 0xc5
Syscall number 0x3
Syscall number 0x5
Syscall number 0x3
Syscall number 0xc4
Syscall number 0x8c
Syscall number 0x3
Syscall number 0x4
Syscall number 0x5b
Syscall number 0x3
Syscall number 0x7a
Firing timer event
Syscall number 0x7d
Syscall number 0x6
Syscall number 0x5b
Syscall number 0x3
Syscall number 0x3
Syscall number 0x6
Syscall number 0x8c
Syscall number 0x5b
Syscall number 0x4
Syscall number 0x1b
Syscall number 0xf3
Syscall number 0x66
Syscall number 0xc5
Syscall number 0x8c
Syscall number 0xc5
Syscall number 0x8c
Syscall number 0x3
Syscall number 0x1b
Syscall number 0xc5
Syscall number 0x3
Syscall number 0xc0
Syscall number 0x4
Syscall number 0x5
Syscall number 0xc0
Syscall number 0x3
Syscall number 0x5
Firing timer event
Syscall number 0x5
Syscall number 0x66
Syscall number 0x66
Syscall number 0x3
Syscall number 0x7d
Syscall number 0xc3
Syscall number 0xc0
Syscall number 0x3
Syscall number 0x53
Syscall number 0xc0
Syscall number 0x66
Syscall number 0x6
Syscall number 0xc0
Syscall number 0xc5
Syscall number 0xc5
Syscall number 0x7d
Syscall number 0xfc
Syscall number 0xa2
Syscall number 0xc5
Syscall number 0xc0
Syscall number 0x66
Syscall number 0x7d
Syscall number 0x3
Syscall number 0x3
Syscall number 0xc5
Syscall number 0xc0
Syscall number 0x3
Syscall number 0xc0
Syscall number 0x3
Syscall number 0x1b
Syscall number 0x5
Syscall number 0x5b
Syscall number 0x8c
Syscall number 0x135
Syscall number 0x26
Syscall number 0x7d
Syscall number 0xc0
Syscall number 0x3
Firing timer event
Syscall number 0x5
Syscall number 0x6
Syscall number 0x5b
Syscall number 0xc0
Syscall number 0x8c
Syscall number 0x4
Syscall number 0xc3
Syscall number 0x1b
Syscall number 0xc4
Syscall number 0x8c
Syscall number 0x5b
Syscall number 0x5
Syscall number 0xc3
Syscall number 0x140
Syscall number 0x5
Syscall number 0x3
Syscall number 0x3
Syscall number 0x6
Syscall number 0x5b
Syscall number 0xc0
Syscall number 0x8d
Syscall number 0x6
Syscall number 0xc5
Syscall number 0xc0
Syscall number 0x2d
Syscall number 0x3
Syscall number 0xc5
Firing timer event
Syscall number 0xc0
Syscall number 0x3
Syscall number 0x3
Syscall number 0x5
Syscall number 0x8c
Syscall number 0xc5
Syscall number 0xc0
Syscall number 0x3
Syscall number 0x5b
Syscall number 0x2d
Syscall number 0x6
Syscall number 0x2d
Syscall number 0x3
Syscall number 0x3
Syscall number 0x6
Syscall number 0xc4
Syscall number 0xc3
Syscall number 0x53
Syscall number 0xc0
Syscall number 0x66
Syscall number 0x6
Syscall number 0x3
Syscall number 0xc5
Syscall number 0xc0
Syscall number 0x2d
Syscall number 0x66
Syscall number 0x3
Syscall number 0x2d
Syscall number 0x2d
Syscall number 0x3
Syscall number 0x3
Syscall number 0x66
Syscall number 0x5b
Syscall number 0x6
Syscall number 0xf3
Syscall number 0x66
Syscall number 0x8c
Syscall number 0x5b
Syscall number 0x7d
Firing timer event
Syscall number 0x135
Syscall number 0x5
Syscall number 0x66
Syscall number 0xa8
Syscall number 0x3
Syscall number 0x8c
Syscall number 0x8c
Syscall number 0x8c
Syscall number 0x8c
Syscall number 0x1b
Syscall number 0x3
Syscall number 0xc5
Syscall number 0x66
Syscall number 0x8c
Syscall number 0x6
Syscall number 0x1b
Syscall number 0x55
Syscall number 0x4
Syscall number 0x5b
Syscall number 0x5
Syscall number 0x66
Syscall number 0xc0
Syscall number 0x7d
Syscall number 0x6
Syscall number 0x8c
Syscall number 0x8c
Syscall number 0x8c
Syscall number 0xc5
Syscall number 0xc0
Syscall number 0x5b
Syscall number 0x6
Syscall number 0x5b
Syscall number 0x5
Syscall number 0xc3
Syscall number 0x8c
Syscall number 0x66
Firing timer event
Syscall number 0x66
Syscall number 0x8c
Syscall number 0x4
Syscall number 0x135
Syscall number 0x55
Syscall number 0x66
Syscall number 0x66
Syscall number 0x66
Syscall number 0x8c
Syscall number 0x3
Syscall number 0x3
Syscall number 0x66
Syscall number 0x6
Syscall number 0x8c
Syscall number 0x8c
Syscall number 0x4
Syscall number 0xc5
Syscall number 0xc0
Syscall number 0x3
Syscall number 0x3
Syscall number 0x66
Syscall number 0x8c
Syscall number 0x5
Syscall number 0x8c
Syscall number 0x8c
Syscall number 0x8c
Syscall number 0x8c
Syscall number 0x8c
Syscall number 0x8c
Syscall number 0x6
Syscall number 0x4
Syscall number 0x8c
Syscall number 0x66
Syscall number 0xc4
Syscall number 0xfc
Firing timer event
Syscall number 0x8c
Syscall number 0x4
Syscall number 0x5b
Syscall number 0x66
Syscall number 0x66
Syscall number 0x6
Syscall number 0x5b
Syscall number 0x80
Syscall number 0x3
Syscall number 0x6
Syscall number 0x135
Syscall number 0x8c
Syscall number 0x5
Syscall number 0x7d
Syscall number 0x5b
Syscall number 0x4
Syscall number 0xc3
Syscall number 0x66
Syscall number 0x66
Syscall number 0xa2
Syscall number 0x5
Syscall number 0x135
Syscall number 0x8c
Syscall number 0x5
Syscall number 0xc5
Syscall number 0xc0
Syscall number 0x7a
Syscall number 0x5
Syscall number 0x135
Syscall number 0xc5
Syscall number 0x5
Syscall number 0x53
Syscall number 0x3
Firing timer event
Syscall number 0xc5
Syscall number 0xc5
Syscall number 0xc0
Syscall number 0xc0
Syscall number 0x3
Syscall number 0xc5
Syscall number 0xc0
Syscall number 0x3
Syscall number 0x1b
Syscall number 0x26
Syscall number 0x8c
Syscall number 0xc0
Syscall number 0x3
Syscall number 0xc0
Syscall number 0x3
Syscall number 0x3
Syscall number 0x6
Syscall number 0x4
Syscall number 0x5b
Syscall number 0x3
Syscall number 0x5
Syscall number 0x8c
Syscall number 0x8c
Syscall number 0x8c
Syscall number 0x66
Syscall number 0x66
Syscall number 0x1b
Syscall number 0x55
Syscall number 0xc4
Syscall number 0x5
Syscall number 0xc3
Syscall number 0xa8
Syscall number 0x66
Syscall number 0x8c
Syscall number 0x3
Syscall number 0x4
Syscall number 0x3
Syscall number 0x55
Syscall number 0x140
Syscall number 0xc4
Syscall number 0x8c
Syscall number 0x8c
Syscall number 0x8c
Syscall number 0x3
Syscall number 0x6
Firing timer event
Syscall number 0xc5
Syscall number 0xdd
Syscall number 0x6
Syscall number 0x8c
Syscall number 0x8c
Syscall number 0x8d
Syscall number 0x8c
Syscall number 0x66
Syscall number 0xc4
Syscall number 0x66
Syscall number 0xc5
Syscall number 0xc0
Syscall number 0x3
Syscall number 0x3
Syscall number 0x8c
Syscall number 0x8c
Syscall number 0x8c
Syscall number 0x8c
Syscall number 0x8c
Syscall number 0x8c
Syscall number 0x8c
Syscall number 0x7a
Syscall number 0x8c
Syscall number 0xc3
Syscall number 0x5b
Syscall number 0x5b
Syscall number 0x8c
Syscall number 0x4
Syscall number 0x8c
Syscall number 0x3
Syscall number 0x5
Firing timer event
Syscall number 0x3
Syscall number 0xf3
Syscall number 0x78
Syscall number 0xfc
Syscall number 0x2d
Syscall number 0x2d
Syscall number 0xc0
Syscall number 0x6
Syscall number 0x53
Syscall number 0x3
Syscall number 0x8c
Syscall number 0x5
Syscall number 0x3
Syscall number 0x6
Syscall number 0x3
Syscall number 0xc5
Syscall number 0xc0
Syscall number 0x3
Syscall number 0x5
Syscall number 0x1b
Syscall number 0x5b
Syscall number 0x5
Syscall number 0xc5
Syscall number 0x5b
Syscall number 0xc0
Syscall number 0x3
Syscall number 0xa2
Syscall number 0x8d
Syscall number 0x6
Firing timer event
Syscall number 0x3
Syscall number 0x7d
Syscall number 0xc5
Syscall number 0x3
Syscall number 0x6
Syscall number 0x8c
Syscall number 0xc0
Syscall number 0x3
Syscall number 0x5
Syscall number 0x5
Syscall number 0xf3
Syscall number 0x5
Syscall number 0xc5
Syscall number 0x5
Syscall number 0x5b
Syscall number 0x8c
Syscall number 0x5
Syscall number 0x6
Syscall number 0x3
Syscall number 0x6
Syscall number 0x8c
Syscall number 0x6
Syscall number 0x1b
Syscall number 0x66
Syscall number 0x7a
Syscall number 0x5
Syscall number 0x5b
Syscall number 0xc5
Syscall number 0xc0
Syscall number 0x3
Syscall number 0x66
Syscall number 0x3
Syscall number 0x5b
Syscall number 0x8c
Syscall number 0x8c
Firing timer event
Syscall number 0xa8
Syscall number 0x66
Syscall number 0x5b
Syscall number 0x5
Syscall number 0x66
Syscall number 0x5
Syscall number 0x7
Syscall number 0xc5
Syscall number 0xc0
Syscall number 0x66
Syscall number 0x66
Syscall number 0x1b
Syscall number 0x66
Syscall number 0x135
Syscall number 0x8c
Syscall number 0xdd
Syscall number 0x8c
Syscall number 0x3
Syscall number 0x5
Syscall number 0x135
Syscall number 0x4
Syscall number 0xc5
Syscall number 0xc0
Syscall number 0x4
Syscall number 0x55
Syscall number 0x8c
Syscall number 0x7d
Syscall number 0x3
Syscall number 0xc3
Syscall number 0x3
Syscall number 0x5
Firing timer event
Syscall number 0x5
Syscall number 0xc5
Syscall number 0xc0
Syscall number 0x8d
Syscall number 0x8c
Syscall number 0x8c
Syscall number 0x3
Syscall number 0x55
Syscall number 0x3
Syscall number 0x6
Syscall number 0x8c
Syscall number 0xc5
Syscall number 0xc5
Syscall number 0xc0
Syscall number 0x3
Syscall number 0x6
Syscall number 0x8c
Syscall number 0x8c
Syscall number 0x8c
Syscall number 0x8c
Syscall number 0x5
Syscall number 0xdd
Syscall number 0x5b
Syscall number 0xfc
Syscall number 0x5b
Syscall number 0x3
Syscall number 0x66
Syscall number 0x3
Syscall number 0x8c
Syscall number 0x66
Syscall number 0x66
Syscall number 0x8d
Syscall number 0xdd
Syscall number 0x8c
Syscall number 0xc4
Firing timer event
Syscall number 0x66
Syscall number 0x1b
Syscall number 0xa8
Syscall number 0x66
Syscall number 0x8c
Syscall number 0x3
Syscall number 0x3
Syscall number 0x55
Syscall number 0x135
Syscall number 0x8c
Syscall number 0x8c
Syscall number 0x5
Syscall number 0x8c
Syscall number 0x4
Syscall number 0x3
Syscall number 0x6
Syscall number 0x5b
Syscall number 0x3f
Syscall number 0x3f
Syscall number 0xc3
Syscall number 0x66
Syscall number 0x8c
Syscall number 0x8c
Syscall number 0x8c
Syscall number 0x8c
Syscall number 0x8c
Syscall number 0x3f
Syscall number 0x8c
Syscall number 0xa2
Syscall number 0x6
Syscall number 0xaf
Syscall number 0x61
Syscall number 0x55
Syscall number 0x4
Syscall number 0xb
Syscall number 0x6
Syscall number 0x5b
Syscall number 0x2d
Syscall number 0x1b
Syscall number 0x5
Syscall number 0x8d
Syscall number 0x2d
Syscall number 0x5
Syscall number 0x7d
Syscall number 0x5
Syscall number 0x8d
Firing timer event
Syscall number 0xc3
Syscall number 0x66
Syscall number 0xc5
Syscall number 0xc0
Syscall number 0x6
Syscall number 0x8c
Syscall number 0x4
Syscall number 0x8c
Syscall number 0x8d
Syscall number 0x53
Syscall number 0xc5
Syscall number 0xc0
Syscall number 0x3
Syscall number 0x3
Syscall number 0x6
Syscall number 0x26
Syscall number 0x8c
Syscall number 0xfc
Syscall number 0x66
Syscall number 0x66
Syscall number 0x3
Syscall number 0x8c
Syscall number 0xc4
Syscall number 0x8c
Syscall number 0x4
Syscall number 0xc5
Syscall number 0xc0
Syscall number 0x3
Syscall number 0x3
Syscall number 0x5
Syscall number 0x8c
Syscall number 0x8c
Syscall number 0x5
Syscall number 0xc4
Syscall number 0x3
Firing timer event
Syscall number 0x7a
Syscall number 0x8c
Syscall number 0x8c
Syscall number 0x8c
Syscall number 0x3
Syscall number 0x8c
Syscall number 0x5
Syscall number 0x8c
Syscall number 0x8c
Syscall number 0x3
Syscall number 0x3
Syscall number 0xc5
Syscall number 0x8c
Syscall number 0x2d
Syscall number 0x2d
Syscall number 0x3
Syscall number 0x140
Syscall number 0x6
Syscall number 0x5b
Syscall number 0xc0
Syscall number 0x4
Syscall number 0x8d
Syscall number 0x3
Syscall number 0xc5
Syscall number 0x7d
Firing timer event
Syscall number 0xc3
Syscall number 0x66
Syscall number 0x66
Syscall number 0x7d
Syscall number 0x1b
Syscall number 0xc0
Syscall number 0x6
Syscall number 0x3
Syscall number 0x5
Syscall number 0xc4
Syscall number 0x3
Syscall number 0x6
Syscall number 0x3
Syscall number 0x5b
Syscall number 0xc3
Syscall number 0x66
Syscall number 0x53
Syscall number 0x5b
Syscall number 0x53
Syscall number 0x66
Syscall number 0xa8
Syscall number 0x6
Syscall number 0x8c
Syscall number 0x8c
Syscall number 0x8c
Syscall number 0x66
Syscall number 0x26
Syscall number 0x1b
Syscall number 0x5
Syscall number 0x8c
Syscall number 0x3
Syscall number 0xc5
Firing timer event
Syscall number 0x135
Syscall number 0xa2
Syscall number 0xc5
Syscall number 0xc0
Syscall number 0x3
Syscall number 0x8c
Syscall number 0x8c
Syscall number 0x4
Syscall number 0x5
Syscall number 0x3
Syscall number 0xc4
Syscall number 0xc5
Syscall number 0x140
Syscall number 0xc0
Syscall number 0x3
Syscall number 0xc5
Syscall number 0x5
Syscall number 0x1b
Syscall number 0x55
Syscall number 0xc5
Syscall number 0x5
Syscall number 0xc4
Syscall number 0x3
Syscall number 0xc0
Syscall number 0xc3
Syscall number 0x3
Syscall number 0xc5
Syscall number 0xc0
Syscall number 0x6
Syscall number 0x5b
Syscall number 0x6
Syscall number 0x5b
Syscall number 0x8c
Syscall number 0xfc
Syscall number 0x3
Syscall number 0x6
Syscall number 0x5b
Syscall number 0x3
Syscall number 0x7d
Syscall number 0xc3
Syscall number 0x53
Firing timer event
Syscall number 0x55
Syscall number 0xc0
Syscall number 0x8c
Syscall number 0x8c
Syscall number 0x5
Syscall number 0x8c
Syscall number 0x66
Syscall number 0x66
Syscall number 0xc4
Syscall number 0x8c
Syscall number 0x8c
Syscall number 0x8c
Syscall number 0x3
Syscall number 0x6
Syscall number 0x1b
Syscall number 0x5
Syscall number 0x8c
Syscall number 0x3
Syscall number 0x5
Syscall number 0x135
Syscall number 0xc5
Syscall number 0xc0
Syscall number 0x3
Syscall number 0x5b
Syscall number 0x5
Syscall number 0x3
Syscall number 0x6
Syscall number 0x8c
Syscall number 0x3
Syscall number 0x8c
Syscall number 0x5b
Syscall number 0x8c
Syscall number 0xc5
Syscall number 0xc0
Syscall number 0xc5
Syscall number 0xc0
Syscall number 0x3
Syscall number 0x66
Syscall number 0x66
Syscall number 0x1b
Syscall number 0x8c
Syscall number 0xa8
Firing timer event
Syscall number 0x8c
Syscall number 0x55
Syscall number 0xc3
Syscall number 0x66
Syscall number 0x3
Syscall number 0x3
Syscall number 0x8c
Syscall number 0x5
Syscall number 0x8c
Syscall number 0x8c
Syscall number 0x8c
Syscall number 0x8c
Syscall number 0x66
Syscall number 0x3
Syscall number 0x6
Syscall number 0x66
Syscall number 0x8c
Syscall number 0x6
Syscall number 0x5b
Syscall number 0x135
Syscall number 0x5b
Syscall number 0x8c
Syscall number 0xc5
Syscall number 0x3
Syscall number 0x4
Syscall number 0x8c
Syscall number 0x55
Syscall number 0x66
Syscall number 0x8c
Syscall number 0x1b
Syscall number 0x66
Syscall number 0xc0
Syscall number 0x5
Firing timer event
Syscall number 0xc3
Syscall number 0x8c
Syscall number 0x8c
Syscall number 0x8c
Syscall number 0xc4
Syscall number 0x5
Syscall number 0x3
Syscall number 0x3
Syscall number 0x8c
Syscall number 0x53
Syscall number 0xc5
Syscall number 0x4
Syscall number 0x8c
Syscall number 0x3
Syscall number 0x8c
Syscall number 0x7a
Syscall number 0x3
Syscall number 0x6
Syscall number 0x5b
Syscall number 0x3
Syscall number 0x6
Syscall number 0x66
Syscall number 0x6
Syscall number 0x5b
Syscall number 0x5b
Syscall number 0x8c
Syscall number 0x4
Syscall number 0x66
Syscall number 0x8c
Syscall number 0x5
Syscall number 0x8c
Syscall number 0x66
Syscall number 0x8c
Syscall number 0x8c
Syscall number 0x135
Syscall number 0xc3
Firing timer event
Syscall number 0xc0
Syscall number 0x26
Syscall number 0x8c
Syscall number 0xc5
Syscall number 0xc0
Syscall number 0x3
Syscall number 0x8c
Syscall number 0xa2
Syscall number 0x4
Syscall number 0x3
Syscall number 0xdd
Syscall number 0x2d
Syscall number 0x6
Syscall number 0x8c
Syscall number 0x3
Syscall number 0x6
Syscall number 0xc4
Syscall number 0x53
Syscall number 0x5
Syscall number 0x5b
Syscall number 0xc5
Syscall number 0xc0
Syscall number 0x3
Syscall number 0x66
Syscall number 0x66
Syscall number 0x5b
Syscall number 0x8c
Syscall number 0x26
Syscall number 0x8c
Syscall number 0x2d
Syscall number 0x140
Syscall number 0x5
Syscall number 0x8c
Syscall number 0x4
Syscall number 0xc5
Syscall number 0x8c
Firing timer event
Syscall number 0x8c
Syscall number 0x8c
Syscall number 0x3
Syscall number 0xc4
Syscall number 0x3
Syscall number 0xc5
Syscall number 0xc0
Syscall number 0x8c
Syscall number 0x8c
Syscall number 0x8c
Syscall number 0x8c
Syscall number 0xc0
Syscall number 0x3
Syscall number 0x5
Syscall number 0x8c
Syscall number 0x8d
Syscall number 0x5
Syscall number 0x6
Syscall number 0x3
Syscall number 0x3
Syscall number 0x5
Syscall number 0xc4
Syscall number 0x6
Syscall number 0x5b
Syscall number 0xc5
Syscall number 0xc0
Syscall number 0x3
Syscall number 0x8c
Syscall number 0xc5
Syscall number 0x66
Syscall number 0xc3
Syscall number 0x6
Syscall number 0x5b
Syscall number 0x3
Syscall number 0x6
Syscall number 0x5b
Syscall number 0x8c
Syscall number 0x66
Syscall number 0x5
Syscall number 0x8c
Syscall number 0x140
Syscall number 0x5b
Syscall number 0x5
Syscall number 0x6
Syscall number 0x66
Syscall number 0x53
Syscall number 0x8c
Firing timer event
Syscall number 0x66
Syscall number 0xa8
Syscall number 0x66
Syscall number 0x5
Syscall number 0xc4
Syscall number 0x4
Syscall number 0x8c
Syscall number 0xc5
Syscall number 0x1b
Syscall number 0x3
Syscall number 0x6
Syscall number 0x8c
Syscall number 0x8c
Syscall number 0x8c
Syscall number 0x8c
Syscall number 0x135
Syscall number 0x4
Syscall number 0x66
Syscall number 0xc3
Syscall number 0xc0
Syscall number 0x3
Syscall number 0xc5
Syscall number 0x55
Syscall number 0xc0
Syscall number 0x3
Syscall number 0x3
Syscall number 0x53
Syscall number 0x5b
Syscall number 0x1b
Syscall number 0x8c
Syscall number 0xc3
Syscall number 0x5
Syscall number 0x66
Syscall number 0x6
Syscall number 0x5b
Syscall number 0x5b
Syscall number 0x8c
Syscall number 0x8c
Syscall number 0x5
Firing timer event
Syscall number 0x55
Syscall number 0x4
Syscall number 0x6
Syscall number 0x3
Syscall number 0x6
Syscall number 0x8c
Syscall number 0x5
Syscall number 0x4
Syscall number 0x1b
Syscall number 0x7a
Syscall number 0xdd
Syscall number 0x5
Syscall number 0x5
Syscall number 0x5b
Syscall number 0x5b
Syscall number 0xa2
Syscall number 0xc5
Syscall number 0xc0
Syscall number 0x3
Syscall number 0x3
Syscall number 0xc5
Syscall number 0xc0
Syscall number 0x5
Syscall number 0x5
Syscall number 0xc5
Syscall number 0x3
Syscall number 0x6
Syscall number 0xc0
Syscall number 0x8d
Syscall number 0x3
Syscall number 0x5b
Syscall number 0xfc
Syscall number 0x3
Syscall number 0x66
Syscall number 0x3
Firing timer event
Syscall number 0x3
Syscall number 0xc5
Syscall number 0x3
Syscall number 0x5
Syscall number 0xc0
Syscall number 0x3
Syscall number 0xc4
Syscall number 0x8d
Syscall number 0x6
Syscall number 0x5b
Syscall number 0xc5
Syscall number 0x5
Syscall number 0x66
Syscall number 0x5
Syscall number 0x3
Syscall number 0x6
Syscall number 0xa8
Syscall number 0xfc
Syscall number 0x1b
Syscall number 0x66
Syscall number 0xc0
Syscall number 0xc5
Syscall number 0x2d
Syscall number 0x6
Syscall number 0x5
Syscall number 0x6
Syscall number 0x5b
Syscall number 0xc0
Firing timer event
Syscall number 0x3
Syscall number 0x66
Syscall number 0x1b
Syscall number 0x8c
Syscall number 0x4
Syscall number 0x5b
Syscall number 0x66
Syscall number 0x55
Syscall number 0x5
Syscall number 0x66
Syscall number 0x3
Syscall number 0x2d
Syscall number 0x135
Syscall number 0x6
Syscall number 0x5
Syscall number 0xc3
Syscall number 0x5
Syscall number 0x3
Syscall number 0x53
Syscall number 0xc5
Syscall number 0xc0
Syscall number 0x3
Syscall number 0x8c
Syscall number 0x3
Syscall number 0xc3
^C
s2e@ubuntu:~/dasos/SyscallTracker/s2e-last$ cccccccccccccccccccccccccccccccccccccccccccccccccccccccccccccccccccccccccccccccccccccccccccccccccccc




cccccccccccccccccccccccccccccccccccccccccccccccccccccccccccccccccccccccccccccccccccccccccccccccccccc: command not found
s2e@ubuntu:~/dasos/SyscallTracker/s2e-last$ 
s2e@ubuntu:~/dasos/SyscallTracker/s2e-last$ 
s2e@ubuntu:~/dasos/SyscallTracker/s2e-last$ 
s2e@ubuntu:~/dasos/SyscallTracker/s2e-last$ 
s2e@ubuntu:~/dasos/SyscallTracker/s2e-last$ df -h
Filesystem            Size  Used Avail Use% Mounted on
/dev/sda1             9.4G  8.4G  532M  95% /
none                  998M  168K  998M   1% /dev
none                 1005M  176K 1004M   1% /dev/shm
none                 1005M   92K 1005M   1% /var/run
none                 1005M     0 1005M   0% /var/lock
s2e@ubuntu:~/dasos/SyscallTracker/s2e-last$ 


